Archive member included to satisfy reference by file (symbol)

/opt/homebrew/Caskroom/gcc-arm-embedded/10-2020-q4-major/gcc-arm-none-eabi-10-2020-q4-major/bin/../lib/gcc/arm-none-eabi/10.2.1/thumb/v7e-m/nofp/libgcc.a(_arm_muldf3.o)
                              CMakeFiles/DHT11.elf.dir/Core/Src/main.c.obj (__aeabi_dmul)
/opt/homebrew/Caskroom/gcc-arm-embedded/10-2020-q4-major/gcc-arm-none-eabi-10-2020-q4-major/bin/../lib/gcc/arm-none-eabi/10.2.1/thumb/v7e-m/nofp/libgcc.a(_arm_addsubdf3.o)
                              CMakeFiles/DHT11.elf.dir/Core/Src/main.c.obj (__aeabi_dadd)
/opt/homebrew/Caskroom/gcc-arm-embedded/10-2020-q4-major/gcc-arm-none-eabi-10-2020-q4-major/bin/../lib/gcc/arm-none-eabi/10.2.1/thumb/v7e-m/nofp/libgcc.a(_arm_fixdfsi.o)
                              CMakeFiles/DHT11.elf.dir/Core/Src/main.c.obj (__aeabi_d2iz)
/opt/homebrew/Caskroom/gcc-arm-embedded/10-2020-q4-major/gcc-arm-none-eabi-10-2020-q4-major/bin/../lib/gcc/arm-none-eabi/10.2.1/thumb/v7e-m/nofp/libgcc.a(_arm_truncdfsf2.o)
                              CMakeFiles/DHT11.elf.dir/Core/Src/main.c.obj (__aeabi_d2f)
/opt/homebrew/Caskroom/gcc-arm-embedded/10-2020-q4-major/gcc-arm-none-eabi-10-2020-q4-major/bin/../lib/gcc/arm-none-eabi/10.2.1/thumb/v7e-m/nofp/libgcc.a(_arm_addsubsf3.o)
                              CMakeFiles/DHT11.elf.dir/Core/Src/main.c.obj (__aeabi_fadd)
/opt/homebrew/Caskroom/gcc-arm-embedded/10-2020-q4-major/gcc-arm-none-eabi-10-2020-q4-major/bin/../lib/gcc/arm-none-eabi/10.2.1/thumb/v7e-m/nofp/libgcc.a(_arm_muldivsf3.o)
                              CMakeFiles/DHT11.elf.dir/Core/Src/main.c.obj (__aeabi_fdiv)
/opt/homebrew/Caskroom/gcc-arm-embedded/10-2020-q4-major/gcc-arm-none-eabi-10-2020-q4-major/bin/../lib/gcc/arm-none-eabi/10.2.1/thumb/v7e-m/nofp/libgcc.a(_aeabi_uldivmod.o)
                              CMakeFiles/DHT11.elf.dir/Drivers/STM32F4xx_HAL_Driver/Src/stm32f4xx_hal_rcc.c.obj (__aeabi_uldivmod)
/opt/homebrew/Caskroom/gcc-arm-embedded/10-2020-q4-major/gcc-arm-none-eabi-10-2020-q4-major/bin/../lib/gcc/arm-none-eabi/10.2.1/thumb/v7e-m/nofp/libgcc.a(_udivmoddi4.o)
                              /opt/homebrew/Caskroom/gcc-arm-embedded/10-2020-q4-major/gcc-arm-none-eabi-10-2020-q4-major/bin/../lib/gcc/arm-none-eabi/10.2.1/thumb/v7e-m/nofp/libgcc.a(_aeabi_uldivmod.o) (__udivmoddi4)
/opt/homebrew/Caskroom/gcc-arm-embedded/10-2020-q4-major/gcc-arm-none-eabi-10-2020-q4-major/bin/../lib/gcc/arm-none-eabi/10.2.1/thumb/v7e-m/nofp/libgcc.a(_dvmd_tls.o)
                              /opt/homebrew/Caskroom/gcc-arm-embedded/10-2020-q4-major/gcc-arm-none-eabi-10-2020-q4-major/bin/../lib/gcc/arm-none-eabi/10.2.1/thumb/v7e-m/nofp/libgcc.a(_aeabi_uldivmod.o) (__aeabi_ldiv0)
/opt/homebrew/Caskroom/gcc-arm-embedded/10-2020-q4-major/gcc-arm-none-eabi-10-2020-q4-major/bin/../lib/gcc/arm-none-eabi/10.2.1/../../../../arm-none-eabi/lib/thumb/v7e-m/nofp/libg.a(lib_a-atoi.o)
                              CMakeFiles/DHT11.elf.dir/Core/Src/main.c.obj (atoi)
/opt/homebrew/Caskroom/gcc-arm-embedded/10-2020-q4-major/gcc-arm-none-eabi-10-2020-q4-major/bin/../lib/gcc/arm-none-eabi/10.2.1/../../../../arm-none-eabi/lib/thumb/v7e-m/nofp/libg.a(lib_a-errno.o)
                              CMakeFiles/DHT11.elf.dir/Core/Src/syscalls.c.obj (__errno)
/opt/homebrew/Caskroom/gcc-arm-embedded/10-2020-q4-major/gcc-arm-none-eabi-10-2020-q4-major/bin/../lib/gcc/arm-none-eabi/10.2.1/../../../../arm-none-eabi/lib/thumb/v7e-m/nofp/libg.a(lib_a-exit.o)
                              /opt/homebrew/Caskroom/gcc-arm-embedded/10-2020-q4-major/gcc-arm-none-eabi-10-2020-q4-major/bin/../lib/gcc/arm-none-eabi/10.2.1/../../../../arm-none-eabi/lib/thumb/v7e-m/nofp/crt0.o (exit)
/opt/homebrew/Caskroom/gcc-arm-embedded/10-2020-q4-major/gcc-arm-none-eabi-10-2020-q4-major/bin/../lib/gcc/arm-none-eabi/10.2.1/../../../../arm-none-eabi/lib/thumb/v7e-m/nofp/libg.a(lib_a-impure.o)
                              /opt/homebrew/Caskroom/gcc-arm-embedded/10-2020-q4-major/gcc-arm-none-eabi-10-2020-q4-major/bin/../lib/gcc/arm-none-eabi/10.2.1/../../../../arm-none-eabi/lib/thumb/v7e-m/nofp/libg.a(lib_a-exit.o) (_global_impure_ptr)
/opt/homebrew/Caskroom/gcc-arm-embedded/10-2020-q4-major/gcc-arm-none-eabi-10-2020-q4-major/bin/../lib/gcc/arm-none-eabi/10.2.1/../../../../arm-none-eabi/lib/thumb/v7e-m/nofp/libg.a(lib_a-init.o)
                              /opt/homebrew/Caskroom/gcc-arm-embedded/10-2020-q4-major/gcc-arm-none-eabi-10-2020-q4-major/bin/../lib/gcc/arm-none-eabi/10.2.1/../../../../arm-none-eabi/lib/thumb/v7e-m/nofp/crt0.o (__libc_init_array)
/opt/homebrew/Caskroom/gcc-arm-embedded/10-2020-q4-major/gcc-arm-none-eabi-10-2020-q4-major/bin/../lib/gcc/arm-none-eabi/10.2.1/../../../../arm-none-eabi/lib/thumb/v7e-m/nofp/libg.a(lib_a-memset.o)
                              /opt/homebrew/Caskroom/gcc-arm-embedded/10-2020-q4-major/gcc-arm-none-eabi-10-2020-q4-major/bin/../lib/gcc/arm-none-eabi/10.2.1/../../../../arm-none-eabi/lib/thumb/v7e-m/nofp/crt0.o (memset)
[...]
Memory Configuration

Name             Origin             Length             Attributes
RAM              0x0000000020000000 0x0000000000020000 xrw
FLASH            0x0000000008000000 0x0000000000040000 xr
*default*        0x0000000000000000 0xffffffffffffffff

Linker script and memory map

LOAD /opt/homebrew/Caskroom/gcc-arm-embedded/10-2020-q4-major/gcc-arm-none-eabi-10-2020-q4-major/bin/../lib/gcc/arm-none-eabi/10.2.1/thumb/v7e-m/nofp/crti.o
LOAD /opt/homebrew/Caskroom/gcc-arm-embedded/10-2020-q4-major/gcc-arm-none-eabi-10-2020-q4-major/bin/../lib/gcc/arm-none-eabi/10.2.1/thumb/v7e-m/nofp/crtbegin.o
LOAD /opt/homebrew/Caskroom/gcc-arm-embedded/10-2020-q4-major/gcc-arm-none-eabi-10-2020-q4-major/bin/../lib/gcc/arm-none-eabi/10.2.1/../../../../arm-none-eabi/lib/thumb/v7e-m/nofp/crt0.o
LOAD CMakeFiles/DHT11.elf.dir/Core/Src/DHT11.c.obj
LOAD CMakeFiles/DHT11.elf.dir/Core/Src/LED.c.obj
LOAD CMakeFiles/DHT11.elf.dir/Core/Src/kEY.c.obj
LOAD CMakeFiles/DHT11.elf.dir/Core/Src/main.c.obj
LOAD CMakeFiles/DHT11.elf.dir/Core/Src/smg.c.obj
LOAD CMakeFiles/DHT11.elf.dir/Core/Src/stm32f4xx_hal_msp.c.obj
LOAD CMakeFiles/DHT11.elf.dir/Core/Src/stm32f4xx_it.c.obj
LOAD CMakeFiles/DHT11.elf.dir/Core/Src/syscalls.c.obj
LOAD CMakeFiles/DHT11.elf.dir/Core/Src/system_stm32f4xx.c.obj
LOAD CMakeFiles/DHT11.elf.dir/Drivers/STM32F4xx_HAL_Driver/Src/stm32f4xx_hal.c.obj
LOAD CMakeFiles/DHT11.elf.dir/Drivers/STM32F4xx_HAL_Driver/Src/stm32f4xx_hal_adc.c.obj
LOAD CMakeFiles/DHT11.elf.dir/Drivers/STM32F4xx_HAL_Driver/Src/stm32f4xx_hal_adc_ex.c.obj
LOAD CMakeFiles/DHT11.elf.dir/Drivers/STM32F4xx_HAL_Driver/Src/stm32f4xx_hal_cortex.c.obj
LOAD CMakeFiles/DHT11.elf.dir/Drivers/STM32F4xx_HAL_Driver/Src/stm32f4xx_hal_dma.c.obj
LOAD CMakeFiles/DHT11.elf.dir/Drivers/STM32F4xx_HAL_Driver/Src/stm32f4xx_hal_dma_ex.c.obj
LOAD CMakeFiles/DHT11.elf.dir/Drivers/STM32F4xx_HAL_Driver/Src/stm32f4xx_hal_exti.c.obj
LOAD CMakeFiles/DHT11.elf.dir/Drivers/STM32F4xx_HAL_Driver/Src/stm32f4xx_hal_flash.c.obj
LOAD CMakeFiles/DHT11.elf.dir/Drivers/STM32F4xx_HAL_Driver/Src/stm32f4xx_hal_flash_ex.c.obj
LOAD CMakeFiles/DHT11.elf.dir/Drivers/STM32F4xx_HAL_Driver/Src/stm32f4xx_hal_flash_ramfunc.c.obj
LOAD CMakeFiles/DHT11.elf.dir/Drivers/STM32F4xx_HAL_Driver/Src/stm32f4xx_hal_gpio.c.obj
LOAD CMakeFiles/DHT11.elf.dir/Drivers/STM32F4xx_HAL_Driver/Src/stm32f4xx_hal_pwr.c.obj
LOAD CMakeFiles/DHT11.elf.dir/Drivers/STM32F4xx_HAL_Driver/Src/stm32f4xx_hal_pwr_ex.c.obj
LOAD CMakeFiles/DHT11.elf.dir/Drivers/STM32F4xx_HAL_Driver/Src/stm32f4xx_hal_rcc.c.obj
LOAD CMakeFiles/DHT11.elf.dir/Drivers/STM32F4xx_HAL_Driver/Src/stm32f4xx_hal_rcc_ex.c.obj
LOAD CMakeFiles/DHT11.elf.dir/Drivers/STM32F4xx_HAL_Driver/Src/stm32f4xx_hal_rtc.c.obj
LOAD CMakeFiles/DHT11.elf.dir/Drivers/STM32F4xx_HAL_Driver/Src/stm32f4xx_hal_rtc_ex.c.obj
LOAD CMakeFiles/DHT11.elf.dir/Drivers/STM32F4xx_HAL_Driver/Src/stm32f4xx_hal_tim.c.obj
LOAD CMakeFiles/DHT11.elf.dir/Drivers/STM32F4xx_HAL_Driver/Src/stm32f4xx_hal_tim_ex.c.obj
LOAD CMakeFiles/DHT11.elf.dir/Drivers/STM32F4xx_HAL_Driver/Src/stm32f4xx_hal_uart.c.obj
LOAD CMakeFiles/DHT11.elf.dir/Drivers/STM32F4xx_HAL_Driver/Src/stm32f4xx_ll_adc.c.obj
LOAD CMakeFiles/DHT11.elf.dir/startup/startup_stm32f411xe.s.obj
START GROUP
LOAD /opt/homebrew/Caskroom/gcc-arm-embedded/10-2020-q4-major/gcc-arm-none-eabi-10-2020-q4-major/bin/../lib/gcc/arm-none-eabi/10.2.1/thumb/v7e-m/nofp/libgcc.a
LOAD /opt/homebrew/Caskroom/gcc-arm-embedded/10-2020-q4-major/gcc-arm-none-eabi-10-2020-q4-major/bin/../lib/gcc/arm-none-eabi/10.2.1/../../../../arm-none-eabi/lib/thumb/v7e-m/nofp/libg.a
LOAD /opt/homebrew/Caskroom/gcc-arm-embedded/10-2020-q4-major/gcc-arm-none-eabi-10-2020-q4-major/bin/../lib/gcc/arm-none-eabi/10.2.1/../../../../arm-none-eabi/lib/thumb/v7e-m/nofp/libc.a
END GROUP
LOAD /opt/homebrew/Caskroom/gcc-arm-embedded/10-2020-q4-major/gcc-arm-none-eabi-10-2020-q4-major/bin/../lib/gcc/arm-none-eabi/10.2.1/thumb/v7e-m/nofp/crtend.o
LOAD /opt/homebrew/Caskroom/gcc-arm-embedded/10-2020-q4-major/gcc-arm-none-eabi-10-2020-q4-major/bin/../lib/gcc/arm-none-eabi/10.2.1/thumb/v7e-m/nofp/crtn.o
                0x0000000020020000                _estack = 0x20020000
                0x0000000000000200                _Min_Heap_Size = 0x200
                0x0000000000000400                _Min_Stack_Size = 0x400

.isr_vector     0x0000000008000000      0x198
                0x0000000008000000                . = ALIGN (0x4)
 *(.isr_vector)
 .isr_vector    0x0000000008000000      0x198 CMakeFiles/DHT11.elf.dir/startup/startup_stm32f411xe.s.obj
                0x0000000008000000                g_pfnVectors
                0x0000000008000198                . = ALIGN (0x4)

.text           0x00000000080001c0     0xcc24
                0x00000000080001c0                . = ALIGN (0x4)
 *(.text)
 .text          0x00000000080001c0       0x40 /opt/homebrew/Caskroom/gcc-arm-embedded/10-2020-q4-major/gcc-arm-none-eabi-10-2020-q4-major/bin/../lib/gcc/arm-none-eabi/10.2.1/thumb/v7e-m/nofp/crtbegin.o
 .text          0x0000000008000200      0x378 /opt/homebrew/Caskroom/gcc-arm-embedded/10-2020-q4-major/gcc-arm-none-eabi-10-2020-q4-major/bin/../lib/gcc/arm-none-eabi/10.2.1/thumb/v7e-m/nofp/libgcc.a(_arm_addsubdf3.o)
                0x0000000008000200                __aeabi_drsub
                0x0000000008000208                __subdf3
                0x0000000008000208                __aeabi_dsub
                0x000000000800020c                __aeabi_dadd
                0x000000000800020c                __adddf3
                0x0000000008000484                __aeabi_ui2d
                0x0000000008000484                __floatunsidf
                0x00000000080004a4                __floatsidf
                0x00000000080004a4                __aeabi_i2d
                0x00000000080004c8                __extendsfdf2
                0x00000000080004c8                __aeabi_f2d
                0x000000000800050c                __aeabi_ul2d
                0x000000000800050c                __floatundidf
                0x000000000800051c                __aeabi_l2d
                0x000000000800051c                __floatdidf
 .text          0x0000000008000578       0x50 /opt/homebrew/Caskroom/gcc-arm-embedded/10-2020-q4-major/gcc-arm-none-eabi-10-2020-q4-major/bin/../lib/gcc/arm-none-eabi/10.2.1/thumb/v7e-m/nofp/libgcc.a(_arm_fixdfsi.o)
                0x0000000008000578                __fixdfsi
                0x0000000008000578                __aeabi_d2iz
 .text          0x00000000080005c8       0xa0 /opt/homebrew/Caskroom/gcc-arm-embedded/10-2020-q4-major/gcc-arm-none-eabi-10-2020-q4-major/bin/../lib/gcc/arm-none-eabi/10.2.1/thumb/v7e-m/nofp/libgcc.a(_arm_truncdfsf2.o)
                0x00000000080005c8                __aeabi_d2f
                0x00000000080005c8                __truncdfsf2
 .text          0x0000000008000668      0x21c /opt/homebrew/Caskroom/gcc-arm-embedded/10-2020-q4-major/gcc-arm-none-eabi-10-2020-q4-major/bin/../lib/gcc/arm-none-eabi/10.2.1/thumb/v7e-m/nofp/libgcc.a(_arm_addsubsf3.o)
                0x0000000008000668                __aeabi_frsub
                0x0000000008000670                __aeabi_fsub
                0x0000000008000670                __subsf3
                0x0000000008000674                __aeabi_fadd
                0x0000000008000674                __addsf3
                0x00000000080007d4                __aeabi_ui2f
                0x00000000080007d4                __floatunsisf
                0x00000000080007dc                __floatsisf
                0x00000000080007dc                __aeabi_i2f
                0x00000000080007f8                __aeabi_ul2f
                0x00000000080007f8                __floatundisf
                0x0000000008000808                __aeabi_l2f
                0x0000000008000808                __floatdisf
 .text          0x0000000008000884      0x2a0 /opt/homebrew/Caskroom/gcc-arm-embedded/10-2020-q4-major/gcc-arm-none-eabi-10-2020-q4-major/bin/../lib/gcc/arm-none-eabi/10.2.1/thumb/v7e-m/nofp/libgcc.a(_arm_muldivsf3.o)
                0x0000000008000884                __mulsf3
                0x0000000008000884                __aeabi_fmul
                0x00000000080009ec                __divsf3
                0x00000000080009ec                __aeabi_fdiv
 .text          0x0000000008000b24       0x30 /opt/homebrew/Caskroom/gcc-arm-embedded/10-2020-q4-major/gcc-arm-none-eabi-10-2020-q4-major/bin/../lib/gcc/arm-none-eabi/10.2.1/thumb/v7e-m/nofp/libgcc.a(_aeabi_uldivmod.o)
                0x0000000008000b24                __aeabi_uldivmod
 .text          0x0000000008000b54      0x2d0 /opt/homebrew/Caskroom/gcc-arm-embedded/10-2020-q4-major/gcc-arm-none-eabi-10-2020-q4-major/bin/../lib/gcc/arm-none-eabi/10.2.1/thumb/v7e-m/nofp/libgcc.a(_udivmoddi4.o)
                0x0000000008000b54                __udivmoddi4
 .text          0x0000000008000e24        0x4 /opt/homebrew/Caskroom/gcc-arm-embedded/10-2020-q4-major/gcc-arm-none-eabi-10-2020-q4-major/bin/../lib/gcc/arm-none-eabi/10.2.1/thumb/v7e-m/nofp/libgcc.a(_dvmd_tls.o)
                0x0000000008000e24                __aeabi_ldiv0
                0x0000000008000e24                __aeabi_idiv0
 *fill*         0x0000000008000e28        0x8 
 .text          0x0000000008000e30       0xa0 /opt/homebrew/Caskroom/gcc-arm-embedded/10-2020-q4-major/gcc-arm-none-eabi-10-2020-q4-major/bin/../lib/gcc/arm-none-eabi/10.2.1/../../../../arm-none-eabi/lib/thumb/v7e-m/nofp/libg.a(lib_a-memchr.o)
                0x0000000008000e30                memchr
 .text          0x0000000008000ed0      0x134 /opt/homebrew/Caskroom/gcc-arm-embedded/10-2020-q4-major/gcc-arm-none-eabi-10-2020-q4-major/bin/../lib/gcc/arm-none-eabi/10.2.1/../../../../arm-none-eabi/lib/thumb/v7e-m/nofp/libg.a(lib_a-memcpy.o)
                0x0000000008000ed0                memcpy
 *fill*         0x0000000008001004       0x3c 
 .text          0x0000000008001040       0xdc /opt/homebrew/Caskroom/gcc-arm-embedded/10-2020-q4-major/gcc-arm-none-eabi-10-2020-q4-major/bin/../lib/gcc/arm-none-eabi/10.2.1/../../../../arm-none-eabi/lib/thumb/v7e-m/nofp/libg.a(lib_a-strlen.o)
                0x0000000008001040                strlen
 .text          0x000000000800111c      0x424 /opt/homebrew/Caskroom/gcc-arm-embedded/10-2020-q4-major/gcc-arm-none-eabi-10-2020-q4-major/bin/../lib/gcc/arm-none-eabi/10.2.1/thumb/v7e-m/nofp/libgcc.a(_arm_muldivdf3.o)
                0x000000000800111c                __aeabi_dmul
                0x000000000800111c                __muldf3
                0x0000000008001370                __aeabi_ddiv
                0x0000000008001370                __divdf3
 .text          0x0000000008001540      0x110 /opt/homebrew/Caskroom/gcc-arm-embedded/10-2020-q4-major/gcc-arm-none-eabi-10-2020-q4-major/bin/../lib/gcc/arm-none-eabi/10.2.1/thumb/v7e-m/nofp/libgcc.a(_arm_cmpdf2.o)
                0x0000000008001540                __gedf2
                0x0000000008001540                __gtdf2
                0x0000000008001548                __ledf2
                0x0000000008001548                __ltdf2
                0x0000000008001550                __cmpdf2
                0x0000000008001550                __eqdf2
                0x0000000008001550                __nedf2
                0x00000000080015cc                __aeabi_cdrcmple
                0x00000000080015dc                __aeabi_cdcmple
                0x00000000080015dc                __aeabi_cdcmpeq
                0x00000000080015ec                __aeabi_dcmpeq
                0x0000000008001600                __aeabi_dcmplt
                0x0000000008001614                __aeabi_dcmple
                0x0000000008001628                __aeabi_dcmpge
                0x000000000800163c                __aeabi_dcmpgt
 .text          0x0000000008001650       0x2c /opt/homebrew/Caskroom/gcc-arm-embedded/10-2020-q4-major/gcc-arm-none-eabi-10-2020-q4-major/bin/../lib/gcc/arm-none-eabi/10.2.1/thumb/v7e-m/nofp/libgcc.a(_arm_unorddf2.o)
                0x0000000008001650                __aeabi_dcmpun
                0x0000000008001650                __unorddf2
 *(.text*)
 .text.delay_us
                0x000000000800167c       0x50 CMakeFiles/DHT11.elf.dir/Core/Src/DHT11.c.obj
                0x000000000800167c                delay_us
 .text.DHT11_IO_OUT
                0x00000000080016cc       0x34 CMakeFiles/DHT11.elf.dir/Core/Src/DHT11.c.obj
                0x00000000080016cc                DHT11_IO_OUT
 .text.DHT11_IO_IN
                0x0000000008001700       0x30 CMakeFiles/DHT11.elf.dir/Core/Src/DHT11.c.obj
                0x0000000008001700                DHT11_IO_IN
 .text.DHT11_Rst
                0x0000000008001730       0x34 CMakeFiles/DHT11.elf.dir/Core/Src/DHT11.c.obj
                0x0000000008001730                DHT11_Rst
 .text.DHT11_Check
                0x0000000008001764       0x5c CMakeFiles/DHT11.elf.dir/Core/Src/DHT11.c.obj
                0x0000000008001764                DHT11_Check
 .text.DHT11_Read_Bit
                0x00000000080017c0       0x5c CMakeFiles/DHT11.elf.dir/Core/Src/DHT11.c.obj
                0x00000000080017c0                DHT11_Read_Bit
 .text.DHT11_Read_Byte
                0x000000000800181c       0x1e CMakeFiles/DHT11.elf.dir/Core/Src/DHT11.c.obj
                0x000000000800181c                DHT11_Read_Byte
 *fill*         0x000000000800183a        0x2 
 .text.DHT11_update_Data
                0x000000000800183c       0x54 CMakeFiles/DHT11.elf.dir/Core/Src/DHT11.c.obj
                0x000000000800183c                DHT11_update_Data
 .text.DHT11_Read_Data
                0x0000000008001890       0x18 CMakeFiles/DHT11.elf.dir/Core/Src/DHT11.c.obj
                0x0000000008001890                DHT11_Read_Data
 .text.KEY_Scan
                0x00000000080018a8       0xe8 CMakeFiles/DHT11.elf.dir/Core/Src/kEY.c.obj
                0x00000000080018a8                KEY_Scan
 .text.MX_GPIO_Init
                0x0000000008001990      0x134 CMakeFiles/DHT11.elf.dir/Core/Src/main.c.obj
 .text.MX_DMA_Init
                0x0000000008001ac4       0x34 CMakeFiles/DHT11.elf.dir/Core/Src/main.c.obj
 .text.get_ADC_all
                0x0000000008001af8        0x8 CMakeFiles/DHT11.elf.dir/Core/Src/main.c.obj
                0x0000000008001af8                get_ADC_all
 .text.get_ADC_count
                0x0000000008001b00        0x8 CMakeFiles/DHT11.elf.dir/Core/Src/main.c.obj
                0x0000000008001b00                get_ADC_count
 .text.get_date
                0x0000000008001b08       0x34 CMakeFiles/DHT11.elf.dir/Core/Src/main.c.obj
                0x0000000008001b08                get_date
 .text.get_time
                0x0000000008001b3c       0x1c CMakeFiles/DHT11.elf.dir/Core/Src/main.c.obj
                0x0000000008001b3c                get_time
 .text.get_alarm_temperature
                0x0000000008001b58        0x8 CMakeFiles/DHT11.elf.dir/Core/Src/main.c.obj
                0x0000000008001b58                get_alarm_temperature
 .text.get_alarm_humidity
                0x0000000008001b60        0x8 CMakeFiles/DHT11.elf.dir/Core/Src/main.c.obj
                0x0000000008001b60                get_alarm_humidity
 .text.str_len  0x0000000008001b68        0xe CMakeFiles/DHT11.elf.dir/Core/Src/main.c.obj
                0x0000000008001b68                str_len
 .text.cmd_is   0x0000000008001b76       0x1a CMakeFiles/DHT11.elf.dir/Core/Src/main.c.obj
                0x0000000008001b76                cmd_is
 .text.get_value_int
                0x0000000008001b90       0x1a CMakeFiles/DHT11.elf.dir/Core/Src/main.c.obj
                0x0000000008001b90                get_value_int
 .text.get_value_date
                0x0000000008001baa       0xb6 CMakeFiles/DHT11.elf.dir/Core/Src/main.c.obj
                0x0000000008001baa                get_value_date
 .text.get_value_time
                0x0000000008001c60       0xa6 CMakeFiles/DHT11.elf.dir/Core/Src/main.c.obj
                0x0000000008001c60                get_value_time
 *fill*         0x0000000008001d06        0x2 
 .text.RTC_Set_Date
                0x0000000008001d08       0x48 CMakeFiles/DHT11.elf.dir/Core/Src/main.c.obj
                0x0000000008001d08                RTC_Set_Date
 .text.RTC_Set_Time
                0x0000000008001d50       0x64 CMakeFiles/DHT11.elf.dir/Core/Src/main.c.obj
                0x0000000008001d50                RTC_Set_Time
 .text.HAL_ADC_ConvCpltCallback
                0x0000000008001db4       0x10 CMakeFiles/DHT11.elf.dir/Core/Src/main.c.obj
                0x0000000008001db4                HAL_ADC_ConvCpltCallback
 .text.ADC_GetValue
                0x0000000008001dc4       0x10 CMakeFiles/DHT11.elf.dir/Core/Src/main.c.obj
                0x0000000008001dc4                ADC_GetValue
 .text.HAL_UART_RxCpltCallback
                0x0000000008001dd4      0x15c CMakeFiles/DHT11.elf.dir/Core/Src/main.c.obj
                0x0000000008001dd4                HAL_UART_RxCpltCallback
 .text.get_key_event
                0x0000000008001f30        0xc CMakeFiles/DHT11.elf.dir/Core/Src/main.c.obj
                0x0000000008001f30                get_key_event
 .text.Error_Handler
                0x0000000008001f3c        0x4 CMakeFiles/DHT11.elf.dir/Core/Src/main.c.obj
                0x0000000008001f3c                Error_Handler
 .text.MX_USART1_UART_Init
                0x0000000008001f40       0x34 CMakeFiles/DHT11.elf.dir/Core/Src/main.c.obj
 .text.MX_RTC_Init
                0x0000000008001f74       0xa8 CMakeFiles/DHT11.elf.dir/Core/Src/main.c.obj
 .text.MX_TIM3_Init
                0x000000000800201c       0x6c CMakeFiles/DHT11.elf.dir/Core/Src/main.c.obj
 .text.MX_ADC1_Init
                0x0000000008002088       0x68 CMakeFiles/DHT11.elf.dir/Core/Src/main.c.obj
 .text.MX_TIM2_Init
                0x00000000080020f0       0xa4 CMakeFiles/DHT11.elf.dir/Core/Src/main.c.obj
 .text.MX_TIM1_Init
                0x0000000008002194       0x6c CMakeFiles/DHT11.elf.dir/Core/Src/main.c.obj
 .text.SystemClock_Config
                0x0000000008002200       0xc8 CMakeFiles/DHT11.elf.dir/Core/Src/main.c.obj
                0x0000000008002200                SystemClock_Config
 .text.main     0x00000000080022c8      0x500 CMakeFiles/DHT11.elf.dir/Core/Src/main.c.obj
                0x00000000080022c8                main
 .text.LED_Wei  0x00000000080027c8       0x38 CMakeFiles/DHT11.elf.dir/Core/Src/smg.c.obj
                0x00000000080027c8                LED_Wei
 .text.LED_Refresh
                0x0000000008002800       0x20 CMakeFiles/DHT11.elf.dir/Core/Src/smg.c.obj
                0x0000000008002800                LED_Refresh
 .text.LED_Write_Data
                0x0000000008002820       0x44 CMakeFiles/DHT11.elf.dir/Core/Src/smg.c.obj
                0x0000000008002820                LED_Write_Data
 .text.HAL_MspInit
                0x0000000008002864       0x38 CMakeFiles/DHT11.elf.dir/Core/Src/stm32f4xx_hal_msp.c.obj
                0x0000000008002864                HAL_MspInit
 .text.HAL_ADC_MspInit
                0x000000000800289c       0xb8 CMakeFiles/DHT11.elf.dir/Core/Src/stm32f4xx_hal_msp.c.obj
                0x000000000800289c                HAL_ADC_MspInit
 .text.HAL_RTC_MspInit
                0x0000000008002954       0x1c CMakeFiles/DHT11.elf.dir/Core/Src/stm32f4xx_hal_msp.c.obj
                0x0000000008002954                HAL_RTC_MspInit
 .text.HAL_TIM_Base_MspInit
                0x0000000008002970       0xc4 CMakeFiles/DHT11.elf.dir/Core/Src/stm32f4xx_hal_msp.c.obj
                0x0000000008002970                HAL_TIM_Base_MspInit
 .text.HAL_TIM_MspPostInit
                0x0000000008002a34       0x54 CMakeFiles/DHT11.elf.dir/Core/Src/stm32f4xx_hal_msp.c.obj
                0x0000000008002a34                HAL_TIM_MspPostInit
 .text.HAL_UART_MspInit
                0x0000000008002a88       0x80 CMakeFiles/DHT11.elf.dir/Core/Src/stm32f4xx_hal_msp.c.obj
                0x0000000008002a88                HAL_UART_MspInit
 .text.NMI_Handler
                0x0000000008002b08        0x2 CMakeFiles/DHT11.elf.dir/Core/Src/stm32f4xx_it.c.obj
                0x0000000008002b08                NMI_Handler
 .text.HardFault_Handler
                0x0000000008002b0a        0x2 CMakeFiles/DHT11.elf.dir/Core/Src/stm32f4xx_it.c.obj
                0x0000000008002b0a                HardFault_Handler
 .text.MemManage_Handler
                0x0000000008002b0c        0x2 CMakeFiles/DHT11.elf.dir/Core/Src/stm32f4xx_it.c.obj
                0x0000000008002b0c                MemManage_Handler
 .text.BusFault_Handler
                0x0000000008002b0e        0x2 CMakeFiles/DHT11.elf.dir/Core/Src/stm32f4xx_it.c.obj
                0x0000000008002b0e                BusFault_Handler
 .text.UsageFault_Handler
                0x0000000008002b10        0x2 CMakeFiles/DHT11.elf.dir/Core/Src/stm32f4xx_it.c.obj
                0x0000000008002b10                UsageFault_Handler
 .text.SVC_Handler
                0x0000000008002b12        0x2 CMakeFiles/DHT11.elf.dir/Core/Src/stm32f4xx_it.c.obj
                0x0000000008002b12                SVC_Handler
 .text.DebugMon_Handler
                0x0000000008002b14        0x2 CMakeFiles/DHT11.elf.dir/Core/Src/stm32f4xx_it.c.obj
                0x0000000008002b14                DebugMon_Handler
 .text.PendSV_Handler
                0x0000000008002b16        0x2 CMakeFiles/DHT11.elf.dir/Core/Src/stm32f4xx_it.c.obj
                0x0000000008002b16                PendSV_Handler
 .text.SysTick_Handler
                0x0000000008002b18        0x8 CMakeFiles/DHT11.elf.dir/Core/Src/stm32f4xx_it.c.obj
                0x0000000008002b18                SysTick_Handler
 .text.ADC_IRQHandler
                0x0000000008002b20       0x10 CMakeFiles/DHT11.elf.dir/Core/Src/stm32f4xx_it.c.obj
                0x0000000008002b20                ADC_IRQHandler
 .text.TIM1_BRK_TIM9_IRQHandler
                0x0000000008002b30       0x10 CMakeFiles/DHT11.elf.dir/Core/Src/stm32f4xx_it.c.obj
                0x0000000008002b30                TIM1_BRK_TIM9_IRQHandler
 .text.TIM1_UP_TIM10_IRQHandler
                0x0000000008002b40       0x38 CMakeFiles/DHT11.elf.dir/Core/Src/stm32f4xx_it.c.obj
                0x0000000008002b40                TIM1_UP_TIM10_IRQHandler
 .text.TIM1_TRG_COM_TIM11_IRQHandler
                0x0000000008002b78       0x10 CMakeFiles/DHT11.elf.dir/Core/Src/stm32f4xx_it.c.obj
                0x0000000008002b78                TIM1_TRG_COM_TIM11_IRQHandler
 .text.TIM1_CC_IRQHandler
                0x0000000008002b88       0x10 CMakeFiles/DHT11.elf.dir/Core/Src/stm32f4xx_it.c.obj
                0x0000000008002b88                TIM1_CC_IRQHandler
 .text.TIM3_IRQHandler
                0x0000000008002b98      0x43c CMakeFiles/DHT11.elf.dir/Core/Src/stm32f4xx_it.c.obj
                0x0000000008002b98                TIM3_IRQHandler
 .text.USART1_IRQHandler
                0x0000000008002fd4       0x20 CMakeFiles/DHT11.elf.dir/Core/Src/stm32f4xx_it.c.obj
                0x0000000008002fd4                USART1_IRQHandler
 .text.DMA2_Stream0_IRQHandler
                0x0000000008002ff4       0x10 CMakeFiles/DHT11.elf.dir/Core/Src/stm32f4xx_it.c.obj
                0x0000000008002ff4                DMA2_Stream0_IRQHandler
 .text._getpid  0x0000000008003004        0x4 CMakeFiles/DHT11.elf.dir/Core/Src/syscalls.c.obj
                0x0000000008003004                _getpid
 .text._kill    0x0000000008003008       0x10 CMakeFiles/DHT11.elf.dir/Core/Src/syscalls.c.obj
                0x0000000008003008                _kill
 .text._exit    0x0000000008003018        0xc CMakeFiles/DHT11.elf.dir/Core/Src/syscalls.c.obj
                0x0000000008003018                _exit
 .text._read    0x0000000008003024       0x20 CMakeFiles/DHT11.elf.dir/Core/Src/syscalls.c.obj
                0x0000000008003024                _read
 .text._write   0x0000000008003044       0x1c CMakeFiles/DHT11.elf.dir/Core/Src/syscalls.c.obj
                0x0000000008003044                _write
 .text._sbrk    0x0000000008003060       0x3c CMakeFiles/DHT11.elf.dir/Core/Src/syscalls.c.obj
                0x0000000008003060                _sbrk
 .text._close   0x000000000800309c        0x6 CMakeFiles/DHT11.elf.dir/Core/Src/syscalls.c.obj
                0x000000000800309c                _close
 .text._fstat   0x00000000080030a2        0xa CMakeFiles/DHT11.elf.dir/Core/Src/syscalls.c.obj
                0x00000000080030a2                _fstat
 .text._isatty  0x00000000080030ac        0x4 CMakeFiles/DHT11.elf.dir/Core/Src/syscalls.c.obj
                0x00000000080030ac                _isatty
 .text._lseek   0x00000000080030b0        0x4 CMakeFiles/DHT11.elf.dir/Core/Src/syscalls.c.obj
                0x00000000080030b0                _lseek
 .text.SystemInit
                0x00000000080030b4        0x2 CMakeFiles/DHT11.elf.dir/Core/Src/system_stm32f4xx.c.obj
                0x00000000080030b4                SystemInit
 *fill*         0x00000000080030b6        0x2 
 .text.HAL_InitTick
                0x00000000080030b8       0x4c CMakeFiles/DHT11.elf.dir/Drivers/STM32F4xx_HAL_Driver/Src/stm32f4xx_hal.c.obj
                0x00000000080030b8                HAL_InitTick
 .text.HAL_Init
                0x0000000008003104       0x34 CMakeFiles/DHT11.elf.dir/Drivers/STM32F4xx_HAL_Driver/Src/stm32f4xx_hal.c.obj
                0x0000000008003104                HAL_Init
 .text.HAL_IncTick
                0x0000000008003138       0x18 CMakeFiles/DHT11.elf.dir/Drivers/STM32F4xx_HAL_Driver/Src/stm32f4xx_hal.c.obj
                0x0000000008003138                HAL_IncTick
 .text.HAL_GetTick
                0x0000000008003150        0xc CMakeFiles/DHT11.elf.dir/Drivers/STM32F4xx_HAL_Driver/Src/stm32f4xx_hal.c.obj
                0x0000000008003150                HAL_GetTick
 .text.HAL_Delay
                0x000000000800315c       0x28 CMakeFiles/DHT11.elf.dir/Drivers/STM32F4xx_HAL_Driver/Src/stm32f4xx_hal.c.obj
                0x000000000800315c                HAL_Delay
 .text.ADC_Init
                0x0000000008003184      0x134 CMakeFiles/DHT11.elf.dir/Drivers/STM32F4xx_HAL_Driver/Src/stm32f4xx_hal_adc.c.obj
 .text.HAL_ADC_Init
                0x00000000080032b8       0x56 CMakeFiles/DHT11.elf.dir/Drivers/STM32F4xx_HAL_Driver/Src/stm32f4xx_hal_adc.c.obj
                0x00000000080032b8                HAL_ADC_Init
 *fill*         0x000000000800330e        0x2 
 .text.HAL_ADC_Start_IT
                0x0000000008003310      0x118 CMakeFiles/DHT11.elf.dir/Drivers/STM32F4xx_HAL_Driver/Src/stm32f4xx_hal_adc.c.obj
                0x0000000008003310                HAL_ADC_Start_IT
 .text.HAL_ADC_GetValue
                0x0000000008003428        0x6 CMakeFiles/DHT11.elf.dir/Drivers/STM32F4xx_HAL_Driver/Src/stm32f4xx_hal_adc.c.obj
                0x0000000008003428                HAL_ADC_GetValue
 .text.HAL_ADC_LevelOutOfWindowCallback
                0x000000000800342e        0x2 CMakeFiles/DHT11.elf.dir/Drivers/STM32F4xx_HAL_Driver/Src/stm32f4xx_hal_adc.c.obj
                0x000000000800342e                HAL_ADC_LevelOutOfWindowCallback
 .text.HAL_ADC_ErrorCallback
                0x0000000008003430        0x2 CMakeFiles/DHT11.elf.dir/Drivers/STM32F4xx_HAL_Driver/Src/stm32f4xx_hal_adc.c.obj
                0x0000000008003430                HAL_ADC_ErrorCallback
 .text.HAL_ADC_IRQHandler
                0x0000000008003432      0x14e CMakeFiles/DHT11.elf.dir/Drivers/STM32F4xx_HAL_Driver/Src/stm32f4xx_hal_adc.c.obj
                0x0000000008003432                HAL_ADC_IRQHandler
 .text.HAL_ADC_ConfigChannel
                0x0000000008003580      0x1ac CMakeFiles/DHT11.elf.dir/Drivers/STM32F4xx_HAL_Driver/Src/stm32f4xx_hal_adc.c.obj
                0x0000000008003580                HAL_ADC_ConfigChannel
 .text.HAL_ADCEx_InjectedConvCpltCallback
                0x000000000800372c        0x2 CMakeFiles/DHT11.elf.dir/Drivers/STM32F4xx_HAL_Driver/Src/stm32f4xx_hal_adc_ex.c.obj
                0x000000000800372c                HAL_ADCEx_InjectedConvCpltCallback
 *fill*         0x000000000800372e        0x2 
 .text.HAL_NVIC_SetPriorityGrouping
                0x0000000008003730       0x24 CMakeFiles/DHT11.elf.dir/Drivers/STM32F4xx_HAL_Driver/Src/stm32f4xx_hal_cortex.c.obj
                0x0000000008003730                HAL_NVIC_SetPriorityGrouping
 .text.HAL_NVIC_SetPriority
                0x0000000008003754       0x70 CMakeFiles/DHT11.elf.dir/Drivers/STM32F4xx_HAL_Driver/Src/stm32f4xx_hal_cortex.c.obj
                0x0000000008003754                HAL_NVIC_SetPriority
 .text.HAL_NVIC_EnableIRQ
                0x00000000080037c4       0x1c CMakeFiles/DHT11.elf.dir/Drivers/STM32F4xx_HAL_Driver/Src/stm32f4xx_hal_cortex.c.obj
                0x00000000080037c4                HAL_NVIC_EnableIRQ
 .text.HAL_SYSTICK_Config
                0x00000000080037e0       0x28 CMakeFiles/DHT11.elf.dir/Drivers/STM32F4xx_HAL_Driver/Src/stm32f4xx_hal_cortex.c.obj
                0x00000000080037e0                HAL_SYSTICK_Config
 .text.DMA_CalcBaseAndBitshift
                0x0000000008003808       0x40 CMakeFiles/DHT11.elf.dir/Drivers/STM32F4xx_HAL_Driver/Src/stm32f4xx_hal_dma.c.obj
 .text.DMA_CheckFifoParam
                0x0000000008003848       0x8e CMakeFiles/DHT11.elf.dir/Drivers/STM32F4xx_HAL_Driver/Src/stm32f4xx_hal_dma.c.obj
 *fill*         0x00000000080038d6        0x2 
 .text.HAL_DMA_Init
                0x00000000080038d8       0xcc CMakeFiles/DHT11.elf.dir/Drivers/STM32F4xx_HAL_Driver/Src/stm32f4xx_hal_dma.c.obj
                0x00000000080038d8                HAL_DMA_Init
 .text.HAL_DMA_Abort
                0x00000000080039a4       0x94 CMakeFiles/DHT11.elf.dir/Drivers/STM32F4xx_HAL_Driver/Src/stm32f4xx_hal_dma.c.obj
                0x00000000080039a4                HAL_DMA_Abort
 .text.HAL_DMA_Abort_IT
                0x0000000008003a38       0x26 CMakeFiles/DHT11.elf.dir/Drivers/STM32F4xx_HAL_Driver/Src/stm32f4xx_hal_dma.c.obj
                0x0000000008003a38                HAL_DMA_Abort_IT
 *fill*         0x0000000008003a5e        0x2 
 .text.HAL_DMA_IRQHandler
                0x0000000008003a60      0x1dc CMakeFiles/DHT11.elf.dir/Drivers/STM32F4xx_HAL_Driver/Src/stm32f4xx_hal_dma.c.obj
                0x0000000008003a60                HAL_DMA_IRQHandler
 .text.HAL_GPIO_Init
                0x0000000008003c3c      0x1c0 CMakeFiles/DHT11.elf.dir/Drivers/STM32F4xx_HAL_Driver/Src/stm32f4xx_hal_gpio.c.obj
                0x0000000008003c3c                HAL_GPIO_Init
 .text.HAL_GPIO_ReadPin
                0x0000000008003dfc        0xe CMakeFiles/DHT11.elf.dir/Drivers/STM32F4xx_HAL_Driver/Src/stm32f4xx_hal_gpio.c.obj
                0x0000000008003dfc                HAL_GPIO_ReadPin
 .text.HAL_GPIO_WritePin
                0x0000000008003e0a        0xc CMakeFiles/DHT11.elf.dir/Drivers/STM32F4xx_HAL_Driver/Src/stm32f4xx_hal_gpio.c.obj
                0x0000000008003e0a                HAL_GPIO_WritePin
 *fill*         0x0000000008003e16        0x2 
 .text.HAL_RCC_OscConfig
                0x0000000008003e18      0x3f8 CMakeFiles/DHT11.elf.dir/Drivers/STM32F4xx_HAL_Driver/Src/stm32f4xx_hal_rcc.c.obj
                0x0000000008003e18                HAL_RCC_OscConfig
 .text.HAL_RCC_GetSysClockFreq
                0x0000000008004210       0xd4 CMakeFiles/DHT11.elf.dir/Drivers/STM32F4xx_HAL_Driver/Src/stm32f4xx_hal_rcc.c.obj
                0x0000000008004210                HAL_RCC_GetSysClockFreq
 .text.HAL_RCC_ClockConfig
                0x00000000080042e4      0x160 CMakeFiles/DHT11.elf.dir/Drivers/STM32F4xx_HAL_Driver/Src/stm32f4xx_hal_rcc.c.obj
                0x00000000080042e4                HAL_RCC_ClockConfig
 .text.HAL_RCC_GetHCLKFreq
                0x0000000008004444        0xc CMakeFiles/DHT11.elf.dir/Drivers/STM32F4xx_HAL_Driver/Src/stm32f4xx_hal_rcc.c.obj
                0x0000000008004444                HAL_RCC_GetHCLKFreq
 .text.HAL_RCC_GetPCLK1Freq
                0x0000000008004450       0x20 CMakeFiles/DHT11.elf.dir/Drivers/STM32F4xx_HAL_Driver/Src/stm32f4xx_hal_rcc.c.obj
                0x0000000008004450                HAL_RCC_GetPCLK1Freq
 .text.HAL_RCC_GetPCLK2Freq
                0x0000000008004470       0x20 CMakeFiles/DHT11.elf.dir/Drivers/STM32F4xx_HAL_Driver/Src/stm32f4xx_hal_rcc.c.obj
                0x0000000008004470                HAL_RCC_GetPCLK2Freq
 .text.HAL_RCCEx_PeriphCLKConfig
                0x0000000008004490      0x170 CMakeFiles/DHT11.elf.dir/Drivers/STM32F4xx_HAL_Driver/Src/stm32f4xx_hal_rcc_ex.c.obj
                0x0000000008004490                HAL_RCCEx_PeriphCLKConfig
 .text.HAL_RTC_WaitForSynchro
                0x0000000008004600       0x32 CMakeFiles/DHT11.elf.dir/Drivers/STM32F4xx_HAL_Driver/Src/stm32f4xx_hal_rtc.c.obj
                0x0000000008004600                HAL_RTC_WaitForSynchro
 .text.RTC_EnterInitMode
                0x0000000008004632       0x3c CMakeFiles/DHT11.elf.dir/Drivers/STM32F4xx_HAL_Driver/Src/stm32f4xx_hal_rtc.c.obj
                0x0000000008004632                RTC_EnterInitMode
 .text.HAL_RTC_Init
                0x000000000800466e       0xc4 CMakeFiles/DHT11.elf.dir/Drivers/STM32F4xx_HAL_Driver/Src/stm32f4xx_hal_rtc.c.obj
                0x000000000800466e                HAL_RTC_Init
 .text.RTC_ByteToBcd2
                0x0000000008004732       0x16 CMakeFiles/DHT11.elf.dir/Drivers/STM32F4xx_HAL_Driver/Src/stm32f4xx_hal_rtc.c.obj
                0x0000000008004732                RTC_ByteToBcd2
 .text.HAL_RTC_SetTime
                0x0000000008004748       0xfe CMakeFiles/DHT11.elf.dir/Drivers/STM32F4xx_HAL_Driver/Src/stm32f4xx_hal_rtc.c.obj
                0x0000000008004748                HAL_RTC_SetTime
 .text.HAL_RTC_SetDate
                0x0000000008004846       0xda CMakeFiles/DHT11.elf.dir/Drivers/STM32F4xx_HAL_Driver/Src/stm32f4xx_hal_rtc.c.obj
                0x0000000008004846                HAL_RTC_SetDate
 .text.RTC_Bcd2ToByte
                0x0000000008004920       0x12 CMakeFiles/DHT11.elf.dir/Drivers/STM32F4xx_HAL_Driver/Src/stm32f4xx_hal_rtc.c.obj
                0x0000000008004920                RTC_Bcd2ToByte
 .text.HAL_RTC_GetTime
                0x0000000008004932       0x50 CMakeFiles/DHT11.elf.dir/Drivers/STM32F4xx_HAL_Driver/Src/stm32f4xx_hal_rtc.c.obj
                0x0000000008004932                HAL_RTC_GetTime
 .text.HAL_RTC_GetDate
                0x0000000008004982       0x3c CMakeFiles/DHT11.elf.dir/Drivers/STM32F4xx_HAL_Driver/Src/stm32f4xx_hal_rtc.c.obj
                0x0000000008004982                HAL_RTC_GetDate
 .text.HAL_RTCEx_BKUPWrite
                0x00000000080049be        0xa CMakeFiles/DHT11.elf.dir/Drivers/STM32F4xx_HAL_Driver/Src/stm32f4xx_hal_rtc_ex.c.obj
                0x00000000080049be                HAL_RTCEx_BKUPWrite
 .text.HAL_RTCEx_BKUPRead
                0x00000000080049c8        0xa CMakeFiles/DHT11.elf.dir/Drivers/STM32F4xx_HAL_Driver/Src/stm32f4xx_hal_rtc_ex.c.obj
                0x00000000080049c8                HAL_RTCEx_BKUPRead
 *fill*         0x00000000080049d2        0x2 
 .text.TIM_OC1_SetConfig
                0x00000000080049d4       0x5c CMakeFiles/DHT11.elf.dir/Drivers/STM32F4xx_HAL_Driver/Src/stm32f4xx_hal_tim.c.obj
 .text.TIM_OC3_SetConfig
                0x0000000008004a30       0x64 CMakeFiles/DHT11.elf.dir/Drivers/STM32F4xx_HAL_Driver/Src/stm32f4xx_hal_tim.c.obj
 .text.TIM_OC4_SetConfig
                0x0000000008004a94       0x48 CMakeFiles/DHT11.elf.dir/Drivers/STM32F4xx_HAL_Driver/Src/stm32f4xx_hal_tim.c.obj
 .text.TIM_TI1_ConfigInputStage
                0x0000000008004adc       0x24 CMakeFiles/DHT11.elf.dir/Drivers/STM32F4xx_HAL_Driver/Src/stm32f4xx_hal_tim.c.obj
 .text.TIM_TI2_ConfigInputStage
                0x0000000008004b00       0x26 CMakeFiles/DHT11.elf.dir/Drivers/STM32F4xx_HAL_Driver/Src/stm32f4xx_hal_tim.c.obj
 .text.TIM_ITRx_SetConfig
                0x0000000008004b26       0x10 CMakeFiles/DHT11.elf.dir/Drivers/STM32F4xx_HAL_Driver/Src/stm32f4xx_hal_tim.c.obj
 *fill*         0x0000000008004b36        0x2 
 .text.HAL_TIM_Base_Start_IT
                0x0000000008004b38       0x78 CMakeFiles/DHT11.elf.dir/Drivers/STM32F4xx_HAL_Driver/Src/stm32f4xx_hal_tim.c.obj
                0x0000000008004b38                HAL_TIM_Base_Start_IT
 .text.HAL_TIM_PWM_MspInit
                0x0000000008004bb0        0x2 CMakeFiles/DHT11.elf.dir/Drivers/STM32F4xx_HAL_Driver/Src/stm32f4xx_hal_tim.c.obj
                0x0000000008004bb0                HAL_TIM_PWM_MspInit
 .text.HAL_TIM_PeriodElapsedCallback
                0x0000000008004bb2        0x2 CMakeFiles/DHT11.elf.dir/Drivers/STM32F4xx_HAL_Driver/Src/stm32f4xx_hal_tim.c.obj
                0x0000000008004bb2                HAL_TIM_PeriodElapsedCallback
 .text.HAL_TIM_OC_DelayElapsedCallback
                0x0000000008004bb4        0x2 CMakeFiles/DHT11.elf.dir/Drivers/STM32F4xx_HAL_Driver/Src/stm32f4xx_hal_tim.c.obj
                0x0000000008004bb4                HAL_TIM_OC_DelayElapsedCallback
 .text.HAL_TIM_IC_CaptureCallback
                0x0000000008004bb6        0x2 CMakeFiles/DHT11.elf.dir/Drivers/STM32F4xx_HAL_Driver/Src/stm32f4xx_hal_tim.c.obj
                0x0000000008004bb6                HAL_TIM_IC_CaptureCallback
 .text.HAL_TIM_PWM_PulseFinishedCallback
                0x0000000008004bb8        0x2 CMakeFiles/DHT11.elf.dir/Drivers/STM32F4xx_HAL_Driver/Src/stm32f4xx_hal_tim.c.obj
                0x0000000008004bb8                HAL_TIM_PWM_PulseFinishedCallback
 .text.HAL_TIM_TriggerCallback
                0x0000000008004bba        0x2 CMakeFiles/DHT11.elf.dir/Drivers/STM32F4xx_HAL_Driver/Src/stm32f4xx_hal_tim.c.obj
                0x0000000008004bba                HAL_TIM_TriggerCallback
 .text.HAL_TIM_IRQHandler
                0x0000000008004bbc      0x17a CMakeFiles/DHT11.elf.dir/Drivers/STM32F4xx_HAL_Driver/Src/stm32f4xx_hal_tim.c.obj
                0x0000000008004bbc                HAL_TIM_IRQHandler
 *fill*         0x0000000008004d36        0x2 
 .text.TIM_Base_SetConfig
                0x0000000008004d38       0x9c CMakeFiles/DHT11.elf.dir/Drivers/STM32F4xx_HAL_Driver/Src/stm32f4xx_hal_tim.c.obj
                0x0000000008004d38                TIM_Base_SetConfig
 .text.HAL_TIM_Base_Init
                0x0000000008004dd4       0x58 CMakeFiles/DHT11.elf.dir/Drivers/STM32F4xx_HAL_Driver/Src/stm32f4xx_hal_tim.c.obj
                0x0000000008004dd4                HAL_TIM_Base_Init
 .text.HAL_TIM_PWM_Init
                0x0000000008004e2c       0x58 CMakeFiles/DHT11.elf.dir/Drivers/STM32F4xx_HAL_Driver/Src/stm32f4xx_hal_tim.c.obj
                0x0000000008004e2c                HAL_TIM_PWM_Init
 .text.TIM_OC2_SetConfig
                0x0000000008004e84       0x64 CMakeFiles/DHT11.elf.dir/Drivers/STM32F4xx_HAL_Driver/Src/stm32f4xx_hal_tim.c.obj
                0x0000000008004e84                TIM_OC2_SetConfig
 .text.HAL_TIM_PWM_ConfigChannel
                0x0000000008004ee8       0xdc CMakeFiles/DHT11.elf.dir/Drivers/STM32F4xx_HAL_Driver/Src/stm32f4xx_hal_tim.c.obj
                0x0000000008004ee8                HAL_TIM_PWM_ConfigChannel
 .text.TIM_ETR_SetConfig
                0x0000000008004fc4       0x18 CMakeFiles/DHT11.elf.dir/Drivers/STM32F4xx_HAL_Driver/Src/stm32f4xx_hal_tim.c.obj
                0x0000000008004fc4                TIM_ETR_SetConfig
 .text.HAL_TIM_ConfigClockSource
                0x0000000008004fdc       0xfe CMakeFiles/DHT11.elf.dir/Drivers/STM32F4xx_HAL_Driver/Src/stm32f4xx_hal_tim.c.obj
                0x0000000008004fdc                HAL_TIM_ConfigClockSource
 .text.TIM_CCxChannelCmd
                0x00000000080050da       0x1e CMakeFiles/DHT11.elf.dir/Drivers/STM32F4xx_HAL_Driver/Src/stm32f4xx_hal_tim.c.obj
                0x00000000080050da                TIM_CCxChannelCmd
 .text.HAL_TIM_PWM_Start
                0x00000000080050f8       0xf0 CMakeFiles/DHT11.elf.dir/Drivers/STM32F4xx_HAL_Driver/Src/stm32f4xx_hal_tim.c.obj
                0x00000000080050f8                HAL_TIM_PWM_Start
 .text.HAL_TIMEx_MasterConfigSynchronization
                0x00000000080051e8       0x7c CMakeFiles/DHT11.elf.dir/Drivers/STM32F4xx_HAL_Driver/Src/stm32f4xx_hal_tim_ex.c.obj
                0x00000000080051e8                HAL_TIMEx_MasterConfigSynchronization
 .text.HAL_TIMEx_CommutCallback
                0x0000000008005264        0x2 CMakeFiles/DHT11.elf.dir/Drivers/STM32F4xx_HAL_Driver/Src/stm32f4xx_hal_tim_ex.c.obj
                0x0000000008005264                HAL_TIMEx_CommutCallback
 .text.HAL_TIMEx_BreakCallback
                0x0000000008005266        0x2 CMakeFiles/DHT11.elf.dir/Drivers/STM32F4xx_HAL_Driver/Src/stm32f4xx_hal_tim_ex.c.obj
                0x0000000008005266                HAL_TIMEx_BreakCallback
 .text.UART_EndRxTransfer
                0x0000000008005268       0x5c CMakeFiles/DHT11.elf.dir/Drivers/STM32F4xx_HAL_Driver/Src/stm32f4xx_hal_uart.c.obj
 .text.UART_Transmit_IT
                0x00000000080052c4       0x60 CMakeFiles/DHT11.elf.dir/Drivers/STM32F4xx_HAL_Driver/Src/stm32f4xx_hal_uart.c.obj
 .text.UART_SetConfig
                0x0000000008005324      0x110 CMakeFiles/DHT11.elf.dir/Drivers/STM32F4xx_HAL_Driver/Src/stm32f4xx_hal_uart.c.obj
 .text.UART_WaitOnFlagUntilTimeout
                0x0000000008005434       0x88 CMakeFiles/DHT11.elf.dir/Drivers/STM32F4xx_HAL_Driver/Src/stm32f4xx_hal_uart.c.obj
 .text.HAL_UART_Init
                0x00000000080054bc       0x5e CMakeFiles/DHT11.elf.dir/Drivers/STM32F4xx_HAL_Driver/Src/stm32f4xx_hal_uart.c.obj
                0x00000000080054bc                HAL_UART_Init
 .text.HAL_UART_Transmit
                0x000000000800551a       0xd8 CMakeFiles/DHT11.elf.dir/Drivers/STM32F4xx_HAL_Driver/Src/stm32f4xx_hal_uart.c.obj
                0x000000000800551a                HAL_UART_Transmit
 .text.HAL_UART_Transmit_IT
                0x00000000080055f2       0x4e CMakeFiles/DHT11.elf.dir/Drivers/STM32F4xx_HAL_Driver/Src/stm32f4xx_hal_uart.c.obj
                0x00000000080055f2                HAL_UART_Transmit_IT
 .text.HAL_UART_TxCpltCallback
                0x0000000008005640        0x2 CMakeFiles/DHT11.elf.dir/Drivers/STM32F4xx_HAL_Driver/Src/stm32f4xx_hal_uart.c.obj
                0x0000000008005640                HAL_UART_TxCpltCallback
 .text.UART_EndTransmit_IT
                0x0000000008005642       0x1a CMakeFiles/DHT11.elf.dir/Drivers/STM32F4xx_HAL_Driver/Src/stm32f4xx_hal_uart.c.obj
 .text.HAL_UART_ErrorCallback
                0x000000000800565c        0x2 CMakeFiles/DHT11.elf.dir/Drivers/STM32F4xx_HAL_Driver/Src/stm32f4xx_hal_uart.c.obj
                0x000000000800565c                HAL_UART_ErrorCallback
 .text.UART_DMAAbortOnError
                0x000000000800565e       0x10 CMakeFiles/DHT11.elf.dir/Drivers/STM32F4xx_HAL_Driver/Src/stm32f4xx_hal_uart.c.obj
 .text.HAL_UARTEx_RxEventCallback
                0x000000000800566e        0x2 CMakeFiles/DHT11.elf.dir/Drivers/STM32F4xx_HAL_Driver/Src/stm32f4xx_hal_uart.c.obj
                0x000000000800566e                HAL_UARTEx_RxEventCallback
 .text.UART_Receive_IT
                0x0000000008005670       0xe2 CMakeFiles/DHT11.elf.dir/Drivers/STM32F4xx_HAL_Driver/Src/stm32f4xx_hal_uart.c.obj
 *fill*         0x0000000008005752        0x2 
 .text.HAL_UART_IRQHandler
                0x0000000008005754      0x280 CMakeFiles/DHT11.elf.dir/Drivers/STM32F4xx_HAL_Driver/Src/stm32f4xx_hal_uart.c.obj
                0x0000000008005754                HAL_UART_IRQHandler
 .text.UART_Start_Receive_IT
                0x00000000080059d4       0x36 CMakeFiles/DHT11.elf.dir/Drivers/STM32F4xx_HAL_Driver/Src/stm32f4xx_hal_uart.c.obj
                0x00000000080059d4                UART_Start_Receive_IT
 .text.HAL_UART_Receive_IT
                0x0000000008005a0a       0x38 CMakeFiles/DHT11.elf.dir/Drivers/STM32F4xx_HAL_Driver/Src/stm32f4xx_hal_uart.c.obj
                0x0000000008005a0a                HAL_UART_Receive_IT
 *fill*         0x0000000008005a42        0x2 
 .text.Reset_Handler
                0x0000000008005a44       0x50 CMakeFiles/DHT11.elf.dir/startup/startup_stm32f411xe.s.obj
                0x0000000008005a44                Reset_Handler
 .text.Default_Handler
                0x0000000008005a94        0x2 CMakeFiles/DHT11.elf.dir/startup/startup_stm32f411xe.s.obj
                0x0000000008005a94                DMA1_Stream3_IRQHandler
                0x0000000008005a94                EXTI2_IRQHandler
                0x0000000008005a94                SPI4_IRQHandler
                0x0000000008005a94                DMA2_Stream5_IRQHandler
                0x0000000008005a94                DMA1_Stream5_IRQHandler
                0x0000000008005a94                PVD_IRQHandler
                0x0000000008005a94                SDIO_IRQHandler
                0x0000000008005a94                TAMP_STAMP_IRQHandler
                0x0000000008005a94                EXTI3_IRQHandler
                0x0000000008005a94                I2C3_ER_IRQHandler
                0x0000000008005a94                EXTI0_IRQHandler
                0x0000000008005a94                I2C2_EV_IRQHandler
                0x0000000008005a94                DMA1_Stream2_IRQHandler
                0x0000000008005a94                FPU_IRQHandler
                0x0000000008005a94                DMA2_Stream2_IRQHandler
                0x0000000008005a94                SPI1_IRQHandler
                0x0000000008005a94                DMA2_Stream3_IRQHandler
                0x0000000008005a94                USART6_IRQHandler
                0x0000000008005a94                TIM4_IRQHandler
                0x0000000008005a94                I2C1_EV_IRQHandler
                0x0000000008005a94                DMA1_Stream6_IRQHandler
                0x0000000008005a94                DMA1_Stream1_IRQHandler
                0x0000000008005a94                RCC_IRQHandler
                0x0000000008005a94                Default_Handler
                0x0000000008005a94                EXTI15_10_IRQHandler
                0x0000000008005a94                DMA1_Stream7_IRQHandler
                0x0000000008005a94                SPI5_IRQHandler
                0x0000000008005a94                TIM5_IRQHandler
                0x0000000008005a94                DMA2_Stream7_IRQHandler
                0x0000000008005a94                I2C3_EV_IRQHandler
                0x0000000008005a94                EXTI9_5_IRQHandler
                0x0000000008005a94                RTC_WKUP_IRQHandler
                0x0000000008005a94                SPI2_IRQHandler
                0x0000000008005a94                DMA1_Stream0_IRQHandler
                0x0000000008005a94                EXTI4_IRQHandler
                0x0000000008005a94                WWDG_IRQHandler
                0x0000000008005a94                TIM2_IRQHandler
                0x0000000008005a94                OTG_FS_WKUP_IRQHandler
                0x0000000008005a94                EXTI1_IRQHandler
                0x0000000008005a94                USART2_IRQHandler
                0x0000000008005a94                I2C2_ER_IRQHandler
                0x0000000008005a94                DMA2_Stream1_IRQHandler
                0x0000000008005a94                FLASH_IRQHandler
                0x0000000008005a94                DMA2_Stream4_IRQHandler
                0x0000000008005a94                OTG_FS_IRQHandler
                0x0000000008005a94                SPI3_IRQHandler
                0x0000000008005a94                DMA1_Stream4_IRQHandler
                0x0000000008005a94                I2C1_ER_IRQHandler
                0x0000000008005a94                DMA2_Stream6_IRQHandler
                0x0000000008005a94                RTC_Alarm_IRQHandler
 *fill*         0x0000000008005a96        0x2 
 .text.atoi     0x0000000008005a98        0x8 /opt/homebrew/Caskroom/gcc-arm-embedded/10-2020-q4-major/gcc-arm-none-eabi-10-2020-q4-major/bin/../lib/gcc/arm-none-eabi/10.2.1/../../../../arm-none-eabi/lib/thumb/v7e-m/nofp/libg.a(lib_a-atoi.o)
                0x0000000008005a98                atoi
 .text.__errno  0x0000000008005aa0        0xc /opt/homebrew/Caskroom/gcc-arm-embedded/10-2020-q4-major/gcc-arm-none-eabi-10-2020-q4-major/bin/../lib/gcc/arm-none-eabi/10.2.1/../../../../arm-none-eabi/lib/thumb/v7e-m/nofp/libg.a(lib_a-errno.o)
                0x0000000008005aa0                __errno
 .text.__libc_init_array
                0x0000000008005aac       0x48 /opt/homebrew/Caskroom/gcc-arm-embedded/10-2020-q4-major/gcc-arm-none-eabi-10-2020-q4-major/bin/../lib/gcc/arm-none-eabi/10.2.1/../../../../arm-none-eabi/lib/thumb/v7e-m/nofp/libg.a(lib_a-init.o)
                0x0000000008005aac                __libc_init_array
 .text.memset   0x0000000008005af4       0xa4 /opt/homebrew/Caskroom/gcc-arm-embedded/10-2020-q4-major/gcc-arm-none-eabi-10-2020-q4-major/bin/../lib/gcc/arm-none-eabi/10.2.1/../../../../arm-none-eabi/lib/thumb/v7e-m/nofp/libg.a(lib_a-memset.o)
                0x0000000008005af4                memset
 .text.sprintf  0x0000000008005b98       0x40 /opt/homebrew/Caskroom/gcc-arm-embedded/10-2020-q4-major/gcc-arm-none-eabi-10-2020-q4-major/bin/../lib/gcc/arm-none-eabi/10.2.1/../../../../arm-none-eabi/lib/thumb/v7e-m/nofp/libg.a(lib_a-sprintf.o)
                0x0000000008005b98                sprintf
 .text._strtol_l.part.0
                0x0000000008005bd8      0x120 /opt/homebrew/Caskroom/gcc-arm-embedded/10-2020-q4-major/gcc-arm-none-eabi-10-2020-q4-major/bin/../lib/gcc/arm-none-eabi/10.2.1/../../../../arm-none-eabi/lib/thumb/v7e-m/nofp/libg.a(lib_a-strtol.o)
 .text.strtol   0x0000000008005cf8       0x2c /opt/homebrew/Caskroom/gcc-arm-embedded/10-2020-q4-major/gcc-arm-none-eabi-10-2020-q4-major/bin/../lib/gcc/arm-none-eabi/10.2.1/../../../../arm-none-eabi/lib/thumb/v7e-m/nofp/libg.a(lib_a-strtol.o)
                0x0000000008005cf8                strtol
 .text._svfprintf_r
                0x0000000008005d24     0x1a3c /opt/homebrew/Caskroom/gcc-arm-embedded/10-2020-q4-major/gcc-arm-none-eabi-10-2020-q4-major/bin/../lib/gcc/arm-none-eabi/10.2.1/../../../../arm-none-eabi/lib/thumb/v7e-m/nofp/libg.a(lib_a-svfprintf.o)
                0x0000000008005d24                _svfprintf_r
 .text.startup.register_fini
                0x0000000008007760       0x14 /opt/homebrew/Caskroom/gcc-arm-embedded/10-2020-q4-major/gcc-arm-none-eabi-10-2020-q4-major/bin/../lib/gcc/arm-none-eabi/10.2.1/../../../../arm-none-eabi/lib/thumb/v7e-m/nofp/libg.a(lib_a-__call_atexit.o)
 .text.atexit   0x0000000008007774        0xc /opt/homebrew/Caskroom/gcc-arm-embedded/10-2020-q4-major/gcc-arm-none-eabi-10-2020-q4-major/bin/../lib/gcc/arm-none-eabi/10.2.1/../../../../arm-none-eabi/lib/thumb/v7e-m/nofp/libg.a(lib_a-atexit.o)
                0x0000000008007774                atexit
 .text.quorem   0x0000000008007780      0x124 /opt/homebrew/Caskroom/gcc-arm-embedded/10-2020-q4-major/gcc-arm-none-eabi-10-2020-q4-major/bin/../lib/gcc/arm-none-eabi/10.2.1/../../../../arm-none-eabi/lib/thumb/v7e-m/nofp/libg.a(lib_a-dtoa.o)
 *fill*         0x00000000080078a4        0x4 
 .text._dtoa_r  0x00000000080078a8      0xec4 /opt/homebrew/Caskroom/gcc-arm-embedded/10-2020-q4-major/gcc-arm-none-eabi-10-2020-q4-major/bin/../lib/gcc/arm-none-eabi/10.2.1/../../../../arm-none-eabi/lib/thumb/v7e-m/nofp/libg.a(lib_a-dtoa.o)
                0x00000000080078a8                _dtoa_r
 .text.__libc_fini_array
                0x000000000800876c       0x2c /opt/homebrew/Caskroom/gcc-arm-embedded/10-2020-q4-major/gcc-arm-none-eabi-10-2020-q4-major/bin/../lib/gcc/arm-none-eabi/10.2.1/../../../../arm-none-eabi/lib/thumb/v7e-m/nofp/libg.a(lib_a-fini.o)
                0x000000000800876c                __libc_fini_array
 .text._malloc_trim_r
                0x0000000008008798       0xa0 /opt/homebrew/Caskroom/gcc-arm-embedded/10-2020-q4-major/gcc-arm-none-eabi-10-2020-q4-major/bin/../lib/gcc/arm-none-eabi/10.2.1/../../../../arm-none-eabi/lib/thumb/v7e-m/nofp/libg.a(lib_a-freer.o)
                0x0000000008008798                _malloc_trim_r
 .text._free_r  0x0000000008008838      0x20c /opt/homebrew/Caskroom/gcc-arm-embedded/10-2020-q4-major/gcc-arm-none-eabi-10-2020-q4-major/bin/../lib/gcc/arm-none-eabi/10.2.1/../../../../arm-none-eabi/lib/thumb/v7e-m/nofp/libg.a(lib_a-freer.o)
                0x0000000008008838                _free_r
 .text._localeconv_r
                0x0000000008008a44        0x8 /opt/homebrew/Caskroom/gcc-arm-embedded/10-2020-q4-major/gcc-arm-none-eabi-10-2020-q4-major/bin/../lib/gcc/arm-none-eabi/10.2.1/../../../../arm-none-eabi/lib/thumb/v7e-m/nofp/libg.a(lib_a-localeconv.o)
                0x0000000008008a44                _localeconv_r
 .text.__retarget_lock_init_recursive
                0x0000000008008a4c        0x4 /opt/homebrew/Caskroom/gcc-arm-embedded/10-2020-q4-major/gcc-arm-none-eabi-10-2020-q4-major/bin/../lib/gcc/arm-none-eabi/10.2.1/../../../../arm-none-eabi/lib/thumb/v7e-m/nofp/libg.a(lib_a-lock.o)
                0x0000000008008a4c                __retarget_lock_init_recursive
 .text.__retarget_lock_close_recursive
                0x0000000008008a50        0x4 /opt/homebrew/Caskroom/gcc-arm-embedded/10-2020-q4-major/gcc-arm-none-eabi-10-2020-q4-major/bin/../lib/gcc/arm-none-eabi/10.2.1/../../../../arm-none-eabi/lib/thumb/v7e-m/nofp/libg.a(lib_a-lock.o)
                0x0000000008008a50                __retarget_lock_close_recursive
 .text.__retarget_lock_acquire_recursive
                0x0000000008008a54        0x4 /opt/homebrew/Caskroom/gcc-arm-embedded/10-2020-q4-major/gcc-arm-none-eabi-10-2020-q4-major/bin/../lib/gcc/arm-none-eabi/10.2.1/../../../../arm-none-eabi/lib/thumb/v7e-m/nofp/libg.a(lib_a-lock.o)
                0x0000000008008a54                __retarget_lock_acquire_recursive
 .text.__retarget_lock_release_recursive
                0x0000000008008a58        0x4 /opt/homebrew/Caskroom/gcc-arm-embedded/10-2020-q4-major/gcc-arm-none-eabi-10-2020-q4-major/bin/../lib/gcc/arm-none-eabi/10.2.1/../../../../arm-none-eabi/lib/thumb/v7e-m/nofp/libg.a(lib_a-lock.o)
                0x0000000008008a58                __retarget_lock_release_recursive
 .text._malloc_r
                0x0000000008008a5c      0x560 /opt/homebrew/Caskroom/gcc-arm-embedded/10-2020-q4-major/gcc-arm-none-eabi-10-2020-q4-major/bin/../lib/gcc/arm-none-eabi/10.2.1/../../../../arm-none-eabi/lib/thumb/v7e-m/nofp/libg.a(lib_a-mallocr.o)
                0x0000000008008a5c                _malloc_r
 .text.__malloc_lock
                0x0000000008008fbc        0xc /opt/homebrew/Caskroom/gcc-arm-embedded/10-2020-q4-major/gcc-arm-none-eabi-10-2020-q4-major/bin/../lib/gcc/arm-none-eabi/10.2.1/../../../../arm-none-eabi/lib/thumb/v7e-m/nofp/libg.a(lib_a-mlock.o)
                0x0000000008008fbc                __malloc_lock
 .text.__malloc_unlock
                0x0000000008008fc8        0xc /opt/homebrew/Caskroom/gcc-arm-embedded/10-2020-q4-major/gcc-arm-none-eabi-10-2020-q4-major/bin/../lib/gcc/arm-none-eabi/10.2.1/../../../../arm-none-eabi/lib/thumb/v7e-m/nofp/libg.a(lib_a-mlock.o)
                0x0000000008008fc8                __malloc_unlock
 .text._Balloc  0x0000000008008fd4       0x4c /opt/homebrew/Caskroom/gcc-arm-embedded/10-2020-q4-major/gcc-arm-none-eabi-10-2020-q4-major/bin/../lib/gcc/arm-none-eabi/10.2.1/../../../../arm-none-eabi/lib/thumb/v7e-m/nofp/libg.a(lib_a-mprec.o)
                0x0000000008008fd4                _Balloc
 .text._Bfree   0x0000000008009020       0x14 /opt/homebrew/Caskroom/gcc-arm-embedded/10-2020-q4-major/gcc-arm-none-eabi-10-2020-q4-major/bin/../lib/gcc/arm-none-eabi/10.2.1/../../../../arm-none-eabi/lib/thumb/v7e-m/nofp/libg.a(lib_a-mprec.o)
                0x0000000008009020                _Bfree
 .text.__multadd
                0x0000000008009034       0xa0 /opt/homebrew/Caskroom/gcc-arm-embedded/10-2020-q4-major/gcc-arm-none-eabi-10-2020-q4-major/bin/../lib/gcc/arm-none-eabi/10.2.1/../../../../arm-none-eabi/lib/thumb/v7e-m/nofp/libg.a(lib_a-mprec.o)
                0x0000000008009034                __multadd
 .text.__hi0bits
                0x00000000080090d4       0x40 /opt/homebrew/Caskroom/gcc-arm-embedded/10-2020-q4-major/gcc-arm-none-eabi-10-2020-q4-major/bin/../lib/gcc/arm-none-eabi/10.2.1/../../../../arm-none-eabi/lib/thumb/v7e-m/nofp/libg.a(lib_a-mprec.o)
                0x00000000080090d4                __hi0bits
 .text.__lo0bits
                0x0000000008009114       0x5c /opt/homebrew/Caskroom/gcc-arm-embedded/10-2020-q4-major/gcc-arm-none-eabi-10-2020-q4-major/bin/../lib/gcc/arm-none-eabi/10.2.1/../../../../arm-none-eabi/lib/thumb/v7e-m/nofp/libg.a(lib_a-mprec.o)
                0x0000000008009114                __lo0bits
 .text.__i2b    0x0000000008009170       0x5c /opt/homebrew/Caskroom/gcc-arm-embedded/10-2020-q4-major/gcc-arm-none-eabi-10-2020-q4-major/bin/../lib/gcc/arm-none-eabi/10.2.1/../../../../arm-none-eabi/lib/thumb/v7e-m/nofp/libg.a(lib_a-mprec.o)
                0x0000000008009170                __i2b
 .text.__multiply
                0x00000000080091cc      0x15c /opt/homebrew/Caskroom/gcc-arm-embedded/10-2020-q4-major/gcc-arm-none-eabi-10-2020-q4-major/bin/../lib/gcc/arm-none-eabi/10.2.1/../../../../arm-none-eabi/lib/thumb/v7e-m/nofp/libg.a(lib_a-mprec.o)
                0x00000000080091cc                __multiply
 .text.__pow5mult
                0x0000000008009328       0xc0 /opt/homebrew/Caskroom/gcc-arm-embedded/10-2020-q4-major/gcc-arm-none-eabi-10-2020-q4-major/bin/../lib/gcc/arm-none-eabi/10.2.1/../../../../arm-none-eabi/lib/thumb/v7e-m/nofp/libg.a(lib_a-mprec.o)
                0x0000000008009328                __pow5mult
 .text.__lshift
                0x00000000080093e8       0xf0 /opt/homebrew/Caskroom/gcc-arm-embedded/10-2020-q4-major/gcc-arm-none-eabi-10-2020-q4-major/bin/../lib/gcc/arm-none-eabi/10.2.1/../../../../arm-none-eabi/lib/thumb/v7e-m/nofp/libg.a(lib_a-mprec.o)
                0x00000000080093e8                __lshift
 .text.__mcmp   0x00000000080094d8       0x40 /opt/homebrew/Caskroom/gcc-arm-embedded/10-2020-q4-major/gcc-arm-none-eabi-10-2020-q4-major/bin/../lib/gcc/arm-none-eabi/10.2.1/../../../../arm-none-eabi/lib/thumb/v7e-m/nofp/libg.a(lib_a-mprec.o)
                0x00000000080094d8                __mcmp
 .text.__mdiff  0x0000000008009518      0x14c /opt/homebrew/Caskroom/gcc-arm-embedded/10-2020-q4-major/gcc-arm-none-eabi-10-2020-q4-major/bin/../lib/gcc/arm-none-eabi/10.2.1/../../../../arm-none-eabi/lib/thumb/v7e-m/nofp/libg.a(lib_a-mprec.o)
                0x0000000008009518                __mdiff
 .text.__d2b    0x0000000008009664       0xc4 /opt/homebrew/Caskroom/gcc-arm-embedded/10-2020-q4-major/gcc-arm-none-eabi-10-2020-q4-major/bin/../lib/gcc/arm-none-eabi/10.2.1/../../../../arm-none-eabi/lib/thumb/v7e-m/nofp/libg.a(lib_a-mprec.o)
                0x0000000008009664                __d2b
 .text.frexp    0x0000000008009728       0x70 /opt/homebrew/Caskroom/gcc-arm-embedded/10-2020-q4-major/gcc-arm-none-eabi-10-2020-q4-major/bin/../lib/gcc/arm-none-eabi/10.2.1/../../../../arm-none-eabi/lib/thumb/v7e-m/nofp/libg.a(lib_a-s_frexp.o)
                0x0000000008009728                frexp
 .text._sbrk_r  0x0000000008009798       0x24 /opt/homebrew/Caskroom/gcc-arm-embedded/10-2020-q4-major/gcc-arm-none-eabi-10-2020-q4-major/bin/../lib/gcc/arm-none-eabi/10.2.1/../../../../arm-none-eabi/lib/thumb/v7e-m/nofp/libg.a(lib_a-sbrkr.o)
                0x0000000008009798                _sbrk_r
 .text.strncpy  0x00000000080097bc       0x64 /opt/homebrew/Caskroom/gcc-arm-embedded/10-2020-q4-major/gcc-arm-none-eabi-10-2020-q4-major/bin/../lib/gcc/arm-none-eabi/10.2.1/../../../../arm-none-eabi/lib/thumb/v7e-m/nofp/libg.a(lib_a-strncpy.o)
                0x00000000080097bc                strncpy
 .text.__ssprint_r
                0x0000000008009820       0xf8 /opt/homebrew/Caskroom/gcc-arm-embedded/10-2020-q4-major/gcc-arm-none-eabi-10-2020-q4-major/bin/../lib/gcc/arm-none-eabi/10.2.1/../../../../arm-none-eabi/lib/thumb/v7e-m/nofp/libg.a(lib_a-svfiprintf.o)
                0x0000000008009820                __ssprint_r
 .text.__register_exitproc
                0x0000000008009918       0x8c /opt/homebrew/Caskroom/gcc-arm-embedded/10-2020-q4-major/gcc-arm-none-eabi-10-2020-q4-major/bin/../lib/gcc/arm-none-eabi/10.2.1/../../../../arm-none-eabi/lib/thumb/v7e-m/nofp/libg.a(lib_a-__atexit.o)
                0x0000000008009918                __register_exitproc
 .text.__assert_func
                0x00000000080099a4       0x40 /opt/homebrew/Caskroom/gcc-arm-embedded/10-2020-q4-major/gcc-arm-none-eabi-10-2020-q4-major/bin/../lib/gcc/arm-none-eabi/10.2.1/../../../../arm-none-eabi/lib/thumb/v7e-m/nofp/libg.a(lib_a-assert.o)
                0x00000000080099a4                __assert_func
 .text._calloc_r
                0x00000000080099e4       0x60 /opt/homebrew/Caskroom/gcc-arm-embedded/10-2020-q4-major/gcc-arm-none-eabi-10-2020-q4-major/bin/../lib/gcc/arm-none-eabi/10.2.1/../../../../arm-none-eabi/lib/thumb/v7e-m/nofp/libg.a(lib_a-callocr.o)
                0x00000000080099e4                _calloc_r
 .text.fiprintf
                0x0000000008009a44       0x28 /opt/homebrew/Caskroom/gcc-arm-embedded/10-2020-q4-major/gcc-arm-none-eabi-10-2020-q4-major/bin/../lib/gcc/arm-none-eabi/10.2.1/../../../../arm-none-eabi/lib/thumb/v7e-m/nofp/libg.a(lib_a-fiprintf.o)
                0x0000000008009a44                fiprintf
 .text.__locale_mb_cur_max
                0x0000000008009a6c        0xc /opt/homebrew/Caskroom/gcc-arm-embedded/10-2020-q4-major/gcc-arm-none-eabi-10-2020-q4-major/bin/../lib/gcc/arm-none-eabi/10.2.1/../../../../arm-none-eabi/lib/thumb/v7e-m/nofp/libg.a(lib_a-locale.o)
                0x0000000008009a6c                __locale_mb_cur_max
 .text.__ascii_mbtowc
                0x0000000008009a78       0x2c /opt/homebrew/Caskroom/gcc-arm-embedded/10-2020-q4-major/gcc-arm-none-eabi-10-2020-q4-major/bin/../lib/gcc/arm-none-eabi/10.2.1/../../../../arm-none-eabi/lib/thumb/v7e-m/nofp/libg.a(lib_a-mbtowc_r.o)
                0x0000000008009a78                __ascii_mbtowc
 .text.memmove  0x0000000008009aa4       0xf8 /opt/homebrew/Caskroom/gcc-arm-embedded/10-2020-q4-major/gcc-arm-none-eabi-10-2020-q4-major/bin/../lib/gcc/arm-none-eabi/10.2.1/../../../../arm-none-eabi/lib/thumb/v7e-m/nofp/libg.a(lib_a-memmove.o)
                0x0000000008009aa4                memmove
 .text._realloc_r
                0x0000000008009b9c      0x3d8 /opt/homebrew/Caskroom/gcc-arm-embedded/10-2020-q4-major/gcc-arm-none-eabi-10-2020-q4-major/bin/../lib/gcc/arm-none-eabi/10.2.1/../../../../arm-none-eabi/lib/thumb/v7e-m/nofp/libg.a(lib_a-reallocr.o)
                0x0000000008009b9c                _realloc_r
 .text.__sprint_r.part.0
                0x0000000008009f74       0x78 /opt/homebrew/Caskroom/gcc-arm-embedded/10-2020-q4-major/gcc-arm-none-eabi-10-2020-q4-major/bin/../lib/gcc/arm-none-eabi/10.2.1/../../../../arm-none-eabi/lib/thumb/v7e-m/nofp/libg.a(lib_a-vfiprintf.o)
 .text._vfiprintf_r
                0x0000000008009fec      0xd94 /opt/homebrew/Caskroom/gcc-arm-embedded/10-2020-q4-major/gcc-arm-none-eabi-10-2020-q4-major/bin/../lib/gcc/arm-none-eabi/10.2.1/../../../../arm-none-eabi/lib/thumb/v7e-m/nofp/libg.a(lib_a-vfiprintf.o)
                0x0000000008009fec                _vfiprintf_r
 .text.__sbprintf
                0x000000000800ad80       0x80 /opt/homebrew/Caskroom/gcc-arm-embedded/10-2020-q4-major/gcc-arm-none-eabi-10-2020-q4-major/bin/../lib/gcc/arm-none-eabi/10.2.1/../../../../arm-none-eabi/lib/thumb/v7e-m/nofp/libg.a(lib_a-vfiprintf.o)
 .text.__ascii_wctomb
                0x000000000800ae00       0x1c /opt/homebrew/Caskroom/gcc-arm-embedded/10-2020-q4-major/gcc-arm-none-eabi-10-2020-q4-major/bin/../lib/gcc/arm-none-eabi/10.2.1/../../../../arm-none-eabi/lib/thumb/v7e-m/nofp/libg.a(lib_a-wctomb_r.o)
                0x000000000800ae00                __ascii_wctomb
 .text.__swsetup_r
                0x000000000800ae1c       0xd4 /opt/homebrew/Caskroom/gcc-arm-embedded/10-2020-q4-major/gcc-arm-none-eabi-10-2020-q4-major/bin/../lib/gcc/arm-none-eabi/10.2.1/../../../../arm-none-eabi/lib/thumb/v7e-m/nofp/libg.a(lib_a-wsetup.o)
                0x000000000800ae1c                __swsetup_r
 .text.abort    0x000000000800aef0       0x10 /opt/homebrew/Caskroom/gcc-arm-embedded/10-2020-q4-major/gcc-arm-none-eabi-10-2020-q4-major/bin/../lib/gcc/arm-none-eabi/10.2.1/../../../../arm-none-eabi/lib/thumb/v7e-m/nofp/libg.a(lib_a-abort.o)
                0x000000000800aef0                abort
 .text.__sflush_r
                0x000000000800af00      0x120 /opt/homebrew/Caskroom/gcc-arm-embedded/10-2020-q4-major/gcc-arm-none-eabi-10-2020-q4-major/bin/../lib/gcc/arm-none-eabi/10.2.1/../../../../arm-none-eabi/lib/thumb/v7e-m/nofp/libg.a(lib_a-fflush.o)
                0x000000000800af00                __sflush_r
 .text._fflush_r
                0x000000000800b020       0x5c /opt/homebrew/Caskroom/gcc-arm-embedded/10-2020-q4-major/gcc-arm-none-eabi-10-2020-q4-major/bin/../lib/gcc/arm-none-eabi/10.2.1/../../../../arm-none-eabi/lib/thumb/v7e-m/nofp/libg.a(lib_a-fflush.o)
                0x000000000800b020                _fflush_r
 .text._cleanup_r
                0x000000000800b07c        0xc /opt/homebrew/Caskroom/gcc-arm-embedded/10-2020-q4-major/gcc-arm-none-eabi-10-2020-q4-major/bin/../lib/gcc/arm-none-eabi/10.2.1/../../../../arm-none-eabi/lib/thumb/v7e-m/nofp/libg.a(lib_a-findfp.o)
                0x000000000800b07c                _cleanup_r
 .text.__sinit  0x000000000800b088      0x10c /opt/homebrew/Caskroom/gcc-arm-embedded/10-2020-q4-major/gcc-arm-none-eabi-10-2020-q4-major/bin/../lib/gcc/arm-none-eabi/10.2.1/../../../../arm-none-eabi/lib/thumb/v7e-m/nofp/libg.a(lib_a-findfp.o)
                0x000000000800b088                __sinit
 .text.__sfp_lock_acquire
                0x000000000800b194        0xc /opt/homebrew/Caskroom/gcc-arm-embedded/10-2020-q4-major/gcc-arm-none-eabi-10-2020-q4-major/bin/../lib/gcc/arm-none-eabi/10.2.1/../../../../arm-none-eabi/lib/thumb/v7e-m/nofp/libg.a(lib_a-findfp.o)
                0x000000000800b194                __sfp_lock_acquire
 .text.__sfp_lock_release
                0x000000000800b1a0        0xc /opt/homebrew/Caskroom/gcc-arm-embedded/10-2020-q4-major/gcc-arm-none-eabi-10-2020-q4-major/bin/../lib/gcc/arm-none-eabi/10.2.1/../../../../arm-none-eabi/lib/thumb/v7e-m/nofp/libg.a(lib_a-findfp.o)
                0x000000000800b1a0                __sfp_lock_release
 .text.__fputwc
                0x000000000800b1ac       0xa8 /opt/homebrew/Caskroom/gcc-arm-embedded/10-2020-q4-major/gcc-arm-none-eabi-10-2020-q4-major/bin/../lib/gcc/arm-none-eabi/10.2.1/../../../../arm-none-eabi/lib/thumb/v7e-m/nofp/libg.a(lib_a-fputwc.o)
                0x000000000800b1ac                __fputwc
 .text._fputwc_r
                0x000000000800b254       0x68 /opt/homebrew/Caskroom/gcc-arm-embedded/10-2020-q4-major/gcc-arm-none-eabi-10-2020-q4-major/bin/../lib/gcc/arm-none-eabi/10.2.1/../../../../arm-none-eabi/lib/thumb/v7e-m/nofp/libg.a(lib_a-fputwc.o)
                0x000000000800b254                _fputwc_r
 .text.__sfvwrite_r
                0x000000000800b2bc      0x2e8 /opt/homebrew/Caskroom/gcc-arm-embedded/10-2020-q4-major/gcc-arm-none-eabi-10-2020-q4-major/bin/../lib/gcc/arm-none-eabi/10.2.1/../../../../arm-none-eabi/lib/thumb/v7e-m/nofp/libg.a(lib_a-fvwrite.o)
                0x000000000800b2bc                __sfvwrite_r
 .text._fwalk_reent
                0x000000000800b5a4       0x48 /opt/homebrew/Caskroom/gcc-arm-embedded/10-2020-q4-major/gcc-arm-none-eabi-10-2020-q4-major/bin/../lib/gcc/arm-none-eabi/10.2.1/../../../../arm-none-eabi/lib/thumb/v7e-m/nofp/libg.a(lib_a-fwalk.o)
                0x000000000800b5a4                _fwalk_reent
 .text.__smakebuf_r
                0x000000000800b5ec       0xe0 /opt/homebrew/Caskroom/gcc-arm-embedded/10-2020-q4-major/gcc-arm-none-eabi-10-2020-q4-major/bin/../lib/gcc/arm-none-eabi/10.2.1/../../../../arm-none-eabi/lib/thumb/v7e-m/nofp/libg.a(lib_a-makebuf.o)
                0x000000000800b5ec                __smakebuf_r
 .text.raise    0x000000000800b6cc       0x5c /opt/homebrew/Caskroom/gcc-arm-embedded/10-2020-q4-major/gcc-arm-none-eabi-10-2020-q4-major/bin/../lib/gcc/arm-none-eabi/10.2.1/../../../../arm-none-eabi/lib/thumb/v7e-m/nofp/libg.a(lib_a-signal.o)
                0x000000000800b6cc                raise
 .text._kill_r  0x000000000800b728       0x2c /opt/homebrew/Caskroom/gcc-arm-embedded/10-2020-q4-major/gcc-arm-none-eabi-10-2020-q4-major/bin/../lib/gcc/arm-none-eabi/10.2.1/../../../../arm-none-eabi/lib/thumb/v7e-m/nofp/libg.a(lib_a-signalr.o)
                0x000000000800b728                _kill_r
 .text._getpid_r
                0x000000000800b754        0x4 /opt/homebrew/Caskroom/gcc-arm-embedded/10-2020-q4-major/gcc-arm-none-eabi-10-2020-q4-major/bin/../lib/gcc/arm-none-eabi/10.2.1/../../../../arm-none-eabi/lib/thumb/v7e-m/nofp/libg.a(lib_a-signalr.o)
                0x000000000800b754                _getpid_r
 .text.__sread  0x000000000800b758       0x24 /opt/homebrew/Caskroom/gcc-arm-embedded/10-2020-q4-major/gcc-arm-none-eabi-10-2020-q4-major/bin/../lib/gcc/arm-none-eabi/10.2.1/../../../../arm-none-eabi/lib/thumb/v7e-m/nofp/libg.a(lib_a-stdio.o)
                0x000000000800b758                __sread
 .text.__swrite
                0x000000000800b77c       0x40 /opt/homebrew/Caskroom/gcc-arm-embedded/10-2020-q4-major/gcc-arm-none-eabi-10-2020-q4-major/bin/../lib/gcc/arm-none-eabi/10.2.1/../../../../arm-none-eabi/lib/thumb/v7e-m/nofp/libg.a(lib_a-stdio.o)
                0x000000000800b77c                __swrite
 .text.__sseek  0x000000000800b7bc       0x20 /opt/homebrew/Caskroom/gcc-arm-embedded/10-2020-q4-major/gcc-arm-none-eabi-10-2020-q4-major/bin/../lib/gcc/arm-none-eabi/10.2.1/../../../../arm-none-eabi/lib/thumb/v7e-m/nofp/libg.a(lib_a-stdio.o)
                0x000000000800b7bc                __sseek
 .text.__sclose
                0x000000000800b7dc        0x8 /opt/homebrew/Caskroom/gcc-arm-embedded/10-2020-q4-major/gcc-arm-none-eabi-10-2020-q4-major/bin/../lib/gcc/arm-none-eabi/10.2.1/../../../../arm-none-eabi/lib/thumb/v7e-m/nofp/libg.a(lib_a-stdio.o)
                0x000000000800b7dc                __sclose
 .text.__swbuf_r
                0x000000000800b7e4       0xb0 /opt/homebrew/Caskroom/gcc-arm-embedded/10-2020-q4-major/gcc-arm-none-eabi-10-2020-q4-major/bin/../lib/gcc/arm-none-eabi/10.2.1/../../../../arm-none-eabi/lib/thumb/v7e-m/nofp/libg.a(lib_a-wbuf.o)
                0x000000000800b7e4                __swbuf_r
 .text._wcrtomb_r
                0x000000000800b894       0x3c /opt/homebrew/Caskroom/gcc-arm-embedded/10-2020-q4-major/gcc-arm-none-eabi-10-2020-q4-major/bin/../lib/gcc/arm-none-eabi/10.2.1/../../../../arm-none-eabi/lib/thumb/v7e-m/nofp/libg.a(lib_a-wcrtomb.o)
                0x000000000800b894                _wcrtomb_r
 .text._write_r
                0x000000000800b8d0       0x2c /opt/homebrew/Caskroom/gcc-arm-embedded/10-2020-q4-major/gcc-arm-none-eabi-10-2020-q4-major/bin/../lib/gcc/arm-none-eabi/10.2.1/../../../../arm-none-eabi/lib/thumb/v7e-m/nofp/libg.a(lib_a-writer.o)
                0x000000000800b8d0                _write_r
 .text._close_r
                0x000000000800b8fc       0x24 /opt/homebrew/Caskroom/gcc-arm-embedded/10-2020-q4-major/gcc-arm-none-eabi-10-2020-q4-major/bin/../lib/gcc/arm-none-eabi/10.2.1/../../../../arm-none-eabi/lib/thumb/v7e-m/nofp/libg.a(lib_a-closer.o)
                0x000000000800b8fc                _close_r
 .text._fclose_r
                0x000000000800b920       0xcc /opt/homebrew/Caskroom/gcc-arm-embedded/10-2020-q4-major/gcc-arm-none-eabi-10-2020-q4-major/bin/../lib/gcc/arm-none-eabi/10.2.1/../../../../arm-none-eabi/lib/thumb/v7e-m/nofp/libg.a(lib_a-fclose.o)
                0x000000000800b920                _fclose_r
 .text._fstat_r
                0x000000000800b9ec       0x2c /opt/homebrew/Caskroom/gcc-arm-embedded/10-2020-q4-major/gcc-arm-none-eabi-10-2020-q4-major/bin/../lib/gcc/arm-none-eabi/10.2.1/../../../../arm-none-eabi/lib/thumb/v7e-m/nofp/libg.a(lib_a-fstatr.o)
                0x000000000800b9ec                _fstat_r
 .text._isatty_r
                0x000000000800ba18       0x24 /opt/homebrew/Caskroom/gcc-arm-embedded/10-2020-q4-major/gcc-arm-none-eabi-10-2020-q4-major/bin/../lib/gcc/arm-none-eabi/10.2.1/../../../../arm-none-eabi/lib/thumb/v7e-m/nofp/libg.a(lib_a-isattyr.o)
                0x000000000800ba18                _isatty_r
 .text._lseek_r
                0x000000000800ba3c       0x2c /opt/homebrew/Caskroom/gcc-arm-embedded/10-2020-q4-major/gcc-arm-none-eabi-10-2020-q4-major/bin/../lib/gcc/arm-none-eabi/10.2.1/../../../../arm-none-eabi/lib/thumb/v7e-m/nofp/libg.a(lib_a-lseekr.o)
                0x000000000800ba3c                _lseek_r
 .text._read_r  0x000000000800ba68       0x2c /opt/homebrew/Caskroom/gcc-arm-embedded/10-2020-q4-major/gcc-arm-none-eabi-10-2020-q4-major/bin/../lib/gcc/arm-none-eabi/10.2.1/../../../../arm-none-eabi/lib/thumb/v7e-m/nofp/libg.a(lib_a-readr.o)
                0x000000000800ba68                _read_r
 .text.sin      0x000000000800ba94       0xb0 /opt/homebrew/Caskroom/gcc-arm-embedded/10-2020-q4-major/gcc-arm-none-eabi-10-2020-q4-major/bin/../lib/gcc/arm-none-eabi/10.2.1/../../../../arm-none-eabi/lib/thumb/v7e-m/nofp/libm.a(lib_a-s_sin.o)
                0x000000000800ba94                sin
 *fill*         0x000000000800bb44        0x4 
 .text.__ieee754_rem_pio2
                0x000000000800bb48      0x454 /opt/homebrew/Caskroom/gcc-arm-embedded/10-2020-q4-major/gcc-arm-none-eabi-10-2020-q4-major/bin/../lib/gcc/arm-none-eabi/10.2.1/../../../../arm-none-eabi/lib/thumb/v7e-m/nofp/libm.a(lib_a-e_rem_pio2.o)
                0x000000000800bb48                __ieee754_rem_pio2
 *fill*         0x000000000800bf9c        0x4 
 .text.__kernel_cos
                0x000000000800bfa0      0x260 /opt/homebrew/Caskroom/gcc-arm-embedded/10-2020-q4-major/gcc-arm-none-eabi-10-2020-q4-major/bin/../lib/gcc/arm-none-eabi/10.2.1/../../../../arm-none-eabi/lib/thumb/v7e-m/nofp/libm.a(lib_a-k_cos.o)
                0x000000000800bfa0                __kernel_cos
 .text.__kernel_rem_pio2
                0x000000000800c200      0x850 /opt/homebrew/Caskroom/gcc-arm-embedded/10-2020-q4-major/gcc-arm-none-eabi-10-2020-q4-major/bin/../lib/gcc/arm-none-eabi/10.2.1/../../../../arm-none-eabi/lib/thumb/v7e-m/nofp/libm.a(lib_a-k_rem_pio2.o)
                0x000000000800c200                __kernel_rem_pio2
 .text.__kernel_sin
                0x000000000800ca50      0x184 /opt/homebrew/Caskroom/gcc-arm-embedded/10-2020-q4-major/gcc-arm-none-eabi-10-2020-q4-major/bin/../lib/gcc/arm-none-eabi/10.2.1/../../../../arm-none-eabi/lib/thumb/v7e-m/nofp/libm.a(lib_a-k_sin.o)
                0x000000000800ca50                __kernel_sin
 .text.fabs     0x000000000800cbd4        0x8 /opt/homebrew/Caskroom/gcc-arm-embedded/10-2020-q4-major/gcc-arm-none-eabi-10-2020-q4-major/bin/../lib/gcc/arm-none-eabi/10.2.1/../../../../arm-none-eabi/lib/thumb/v7e-m/nofp/libm.a(lib_a-s_fabs.o)
                0x000000000800cbd4                fabs
 *fill*         0x000000000800cbdc        0x4 
 .text.floor    0x000000000800cbe0       0xf8 /opt/homebrew/Caskroom/gcc-arm-embedded/10-2020-q4-major/gcc-arm-none-eabi-10-2020-q4-major/bin/../lib/gcc/arm-none-eabi/10.2.1/../../../../arm-none-eabi/lib/thumb/v7e-m/nofp/libm.a(lib_a-s_floor.o)
                0x000000000800cbe0                floor
 .text.scalbn   0x000000000800ccd8       0xf4 /opt/homebrew/Caskroom/gcc-arm-embedded/10-2020-q4-major/gcc-arm-none-eabi-10-2020-q4-major/bin/../lib/gcc/arm-none-eabi/10.2.1/../../../../arm-none-eabi/lib/thumb/v7e-m/nofp/libm.a(lib_a-s_scalbn.o)
                0x000000000800ccd8                scalbn
 *(.glue_7)
 .glue_7        0x000000000800cdcc        0x0 linker stubs
 *(.glue_7t)
 .glue_7t       0x000000000800cdcc        0x0 linker stubs
 *(.eh_frame)
 .eh_frame      0x000000000800cdcc        0x0 /opt/homebrew/Caskroom/gcc-arm-embedded/10-2020-q4-major/gcc-arm-none-eabi-10-2020-q4-major/bin/../lib/gcc/arm-none-eabi/10.2.1/thumb/v7e-m/nofp/crtbegin.o
 *(.init)
 .init          0x000000000800cdcc        0x4 /opt/homebrew/Caskroom/gcc-arm-embedded/10-2020-q4-major/gcc-arm-none-eabi-10-2020-q4-major/bin/../lib/gcc/arm-none-eabi/10.2.1/thumb/v7e-m/nofp/crti.o
                0x000000000800cdcc                _init
 .init          0x000000000800cdd0        0x8 /opt/homebrew/Caskroom/gcc-arm-embedded/10-2020-q4-major/gcc-arm-none-eabi-10-2020-q4-major/bin/../lib/gcc/arm-none-eabi/10.2.1/thumb/v7e-m/nofp/crtn.o
 *(.fini)
 .fini          0x000000000800cdd8        0x4 /opt/homebrew/Caskroom/gcc-arm-embedded/10-2020-q4-major/gcc-arm-none-eabi-10-2020-q4-major/bin/../lib/gcc/arm-none-eabi/10.2.1/thumb/v7e-m/nofp/crti.o
                0x000000000800cdd8                _fini
 .fini          0x000000000800cddc        0x8 /opt/homebrew/Caskroom/gcc-arm-embedded/10-2020-q4-major/gcc-arm-none-eabi-10-2020-q4-major/bin/../lib/gcc/arm-none-eabi/10.2.1/thumb/v7e-m/nofp/crtn.o
                0x000000000800cde4                . = ALIGN (0x4)
                0x000000000800cde4                _etext = .

.vfp11_veneer   0x000000000800cde4        0x0
 .vfp11_veneer  0x000000000800cde4        0x0 linker stubs

.v4_bx          0x000000000800cde4        0x0
 .v4_bx         0x000000000800cde4        0x0 linker stubs

.iplt           0x000000000800cde4        0x0
 .iplt          0x000000000800cde4        0x0 /opt/homebrew/Caskroom/gcc-arm-embedded/10-2020-q4-major/gcc-arm-none-eabi-10-2020-q4-major/bin/../lib/gcc/arm-none-eabi/10.2.1/thumb/v7e-m/nofp/crtbegin.o

.rodata         0x000000000800cde8      0x660
                0x000000000800cde8                . = ALIGN (0x4)
 *(.rodata)
 *(.rodata*)
 .rodata.HAL_UART_RxCpltCallback.str1.4
                0x000000000800cde8       0x31 CMakeFiles/DHT11.elf.dir/Core/Src/main.c.obj
 *fill*         0x000000000800ce19        0x3 
 .rodata.main.str1.4
                0x000000000800ce1c       0x64 CMakeFiles/DHT11.elf.dir/Core/Src/main.c.obj
 .rodata.TIM3_IRQHandler.str1.4
                0x000000000800ce80       0x12 CMakeFiles/DHT11.elf.dir/Core/Src/stm32f4xx_it.c.obj
 *fill*         0x000000000800ce92        0x2 
 .rodata.AHBPrescTable
                0x000000000800ce94       0x10 CMakeFiles/DHT11.elf.dir/Core/Src/system_stm32f4xx.c.obj
                0x000000000800ce94                AHBPrescTable
 .rodata.APBPrescTable
                0x000000000800cea4        0x8 CMakeFiles/DHT11.elf.dir/Core/Src/system_stm32f4xx.c.obj
                0x000000000800cea4                APBPrescTable
 .rodata.flagBitshiftOffset.0
                0x000000000800ceac        0x8 CMakeFiles/DHT11.elf.dir/Drivers/STM32F4xx_HAL_Driver/Src/stm32f4xx_hal_dma.c.obj
 .rodata._global_impure_ptr
                0x000000000800ceb4        0x4 /opt/homebrew/Caskroom/gcc-arm-embedded/10-2020-q4-major/gcc-arm-none-eabi-10-2020-q4-major/bin/../lib/gcc/arm-none-eabi/10.2.1/../../../../arm-none-eabi/lib/thumb/v7e-m/nofp/libg.a(lib_a-impure.o)
                0x000000000800ceb4                _global_impure_ptr
 .rodata._svfprintf_r.str1.4
                0x000000000800ceb8       0x42 /opt/homebrew/Caskroom/gcc-arm-embedded/10-2020-q4-major/gcc-arm-none-eabi-10-2020-q4-major/bin/../lib/gcc/arm-none-eabi/10.2.1/../../../../arm-none-eabi/lib/thumb/v7e-m/nofp/libg.a(lib_a-svfprintf.o)
 *fill*         0x000000000800cefa        0x2 
 .rodata.blanks.1
                0x000000000800cefc       0x10 /opt/homebrew/Caskroom/gcc-arm-embedded/10-2020-q4-major/gcc-arm-none-eabi-10-2020-q4-major/bin/../lib/gcc/arm-none-eabi/10.2.1/../../../../arm-none-eabi/lib/thumb/v7e-m/nofp/libg.a(lib_a-svfprintf.o)
 .rodata.zeroes.0
                0x000000000800cf0c       0x10 /opt/homebrew/Caskroom/gcc-arm-embedded/10-2020-q4-major/gcc-arm-none-eabi-10-2020-q4-major/bin/../lib/gcc/arm-none-eabi/10.2.1/../../../../arm-none-eabi/lib/thumb/v7e-m/nofp/libg.a(lib_a-svfprintf.o)
 .rodata._ctype_
                0x000000000800cf1c      0x101 /opt/homebrew/Caskroom/gcc-arm-embedded/10-2020-q4-major/gcc-arm-none-eabi-10-2020-q4-major/bin/../lib/gcc/arm-none-eabi/10.2.1/../../../../arm-none-eabi/lib/thumb/v7e-m/nofp/libg.a(lib_a-ctype_.o)
                0x000000000800cf1c                _ctype_
 *fill*         0x000000000800d01d        0x3 
 .rodata._dtoa_r.str1.4
                0x000000000800d020       0x7d /opt/homebrew/Caskroom/gcc-arm-embedded/10-2020-q4-major/gcc-arm-none-eabi-10-2020-q4-major/bin/../lib/gcc/arm-none-eabi/10.2.1/../../../../arm-none-eabi/lib/thumb/v7e-m/nofp/libg.a(lib_a-dtoa.o)
                                         0x81 (size before relaxing)
 *fill*         0x000000000800d09d        0x3 
 .rodata.__multadd.str1.4
                0x000000000800d0a0       0x5a /opt/homebrew/Caskroom/gcc-arm-embedded/10-2020-q4-major/gcc-arm-none-eabi-10-2020-q4-major/bin/../lib/gcc/arm-none-eabi/10.2.1/../../../../arm-none-eabi/lib/thumb/v7e-m/nofp/libg.a(lib_a-mprec.o)
                                         0x6e (size before relaxing)
 *fill*         0x000000000800d0fa        0x6 
 .rodata.__mprec_bigtens
                0x000000000800d100       0x28 /opt/homebrew/Caskroom/gcc-arm-embedded/10-2020-q4-major/gcc-arm-none-eabi-10-2020-q4-major/bin/../lib/gcc/arm-none-eabi/10.2.1/../../../../arm-none-eabi/lib/thumb/v7e-m/nofp/libg.a(lib_a-mprec.o)
                0x000000000800d100                __mprec_bigtens
 .rodata.__mprec_tens
                0x000000000800d128       0xc8 /opt/homebrew/Caskroom/gcc-arm-embedded/10-2020-q4-major/gcc-arm-none-eabi-10-2020-q4-major/bin/../lib/gcc/arm-none-eabi/10.2.1/../../../../arm-none-eabi/lib/thumb/v7e-m/nofp/libg.a(lib_a-mprec.o)
                0x000000000800d128                __mprec_tens
 .rodata.p05.0  0x000000000800d1f0        0xc /opt/homebrew/Caskroom/gcc-arm-embedded/10-2020-q4-major/gcc-arm-none-eabi-10-2020-q4-major/bin/../lib/gcc/arm-none-eabi/10.2.1/../../../../arm-none-eabi/lib/thumb/v7e-m/nofp/libg.a(lib_a-mprec.o)
 .rodata.__assert_func.str1.4
                0x000000000800d1fc       0x3f /opt/homebrew/Caskroom/gcc-arm-embedded/10-2020-q4-major/gcc-arm-none-eabi-10-2020-q4-major/bin/../lib/gcc/arm-none-eabi/10.2.1/../../../../arm-none-eabi/lib/thumb/v7e-m/nofp/libg.a(lib_a-assert.o)
                                         0x43 (size before relaxing)
 *fill*         0x000000000800d23b        0x1 
 .rodata._setlocale_r.str1.4
                0x000000000800d23c        0xa /opt/homebrew/Caskroom/gcc-arm-embedded/10-2020-q4-major/gcc-arm-none-eabi-10-2020-q4-major/bin/../lib/gcc/arm-none-eabi/10.2.1/../../../../arm-none-eabi/lib/thumb/v7e-m/nofp/libg.a(lib_a-locale.o)
                                          0xd (size before relaxing)
 *fill*         0x000000000800d246        0x2 
 .rodata.str1.4
                0x000000000800d248        0x2 /opt/homebrew/Caskroom/gcc-arm-embedded/10-2020-q4-major/gcc-arm-none-eabi-10-2020-q4-major/bin/../lib/gcc/arm-none-eabi/10.2.1/../../../../arm-none-eabi/lib/thumb/v7e-m/nofp/libg.a(lib_a-locale.o)
 .rodata._vfiprintf_r.str1.4
                0x000000000800d24a       0x2f /opt/homebrew/Caskroom/gcc-arm-embedded/10-2020-q4-major/gcc-arm-none-eabi-10-2020-q4-major/bin/../lib/gcc/arm-none-eabi/10.2.1/../../../../arm-none-eabi/lib/thumb/v7e-m/nofp/libg.a(lib_a-vfiprintf.o)
 *fill*         0x000000000800d24a        0x2 
 .rodata.blanks.1
                0x000000000800d24c       0x10 /opt/homebrew/Caskroom/gcc-arm-embedded/10-2020-q4-major/gcc-arm-none-eabi-10-2020-q4-major/bin/../lib/gcc/arm-none-eabi/10.2.1/../../../../arm-none-eabi/lib/thumb/v7e-m/nofp/libg.a(lib_a-vfiprintf.o)
 .rodata.zeroes.0
                0x000000000800d25c       0x10 /opt/homebrew/Caskroom/gcc-arm-embedded/10-2020-q4-major/gcc-arm-none-eabi-10-2020-q4-major/bin/../lib/gcc/arm-none-eabi/10.2.1/../../../../arm-none-eabi/lib/thumb/v7e-m/nofp/libg.a(lib_a-vfiprintf.o)
 .rodata.npio2_hw
                0x000000000800d26c       0x80 /opt/homebrew/Caskroom/gcc-arm-embedded/10-2020-q4-major/gcc-arm-none-eabi-10-2020-q4-major/bin/../lib/gcc/arm-none-eabi/10.2.1/../../../../arm-none-eabi/lib/thumb/v7e-m/nofp/libm.a(lib_a-e_rem_pio2.o)
 .rodata.two_over_pi
                0x000000000800d2ec      0x108 /opt/homebrew/Caskroom/gcc-arm-embedded/10-2020-q4-major/gcc-arm-none-eabi-10-2020-q4-major/bin/../lib/gcc/arm-none-eabi/10.2.1/../../../../arm-none-eabi/lib/thumb/v7e-m/nofp/libm.a(lib_a-e_rem_pio2.o)
 *fill*         0x000000000800d3f4        0x4 
 .rodata.PIo2   0x000000000800d3f8       0x40 /opt/homebrew/Caskroom/gcc-arm-embedded/10-2020-q4-major/gcc-arm-none-eabi-10-2020-q4-major/bin/../lib/gcc/arm-none-eabi/10.2.1/../../../../arm-none-eabi/lib/thumb/v7e-m/nofp/libm.a(lib_a-k_rem_pio2.o)
 .rodata.init_jk
                0x000000000800d438       0x10 /opt/homebrew/Caskroom/gcc-arm-embedded/10-2020-q4-major/gcc-arm-none-eabi-10-2020-q4-major/bin/../lib/gcc/arm-none-eabi/10.2.1/../../../../arm-none-eabi/lib/thumb/v7e-m/nofp/libm.a(lib_a-k_rem_pio2.o)
                0x000000000800d448                . = ALIGN (0x4)

.ARM.extab
 *(.ARM.extab* .gnu.linkonce.armextab.*)

.ARM            0x000000000800d448        0x8
                0x000000000800d448                __exidx_start = .
 *(.ARM.exidx*)
 .ARM.exidx     0x000000000800d448        0x8 /opt/homebrew/Caskroom/gcc-arm-embedded/10-2020-q4-major/gcc-arm-none-eabi-10-2020-q4-major/bin/../lib/gcc/arm-none-eabi/10.2.1/thumb/v7e-m/nofp/libgcc.a(_udivmoddi4.o)
                0x000000000800d450                __exidx_end = .

.rel.dyn        0x000000000800d450        0x0
 .rel.iplt      0x000000000800d450        0x0 /opt/homebrew/Caskroom/gcc-arm-embedded/10-2020-q4-major/gcc-arm-none-eabi-10-2020-q4-major/bin/../lib/gcc/arm-none-eabi/10.2.1/thumb/v7e-m/nofp/crtbegin.o

.preinit_array  0x000000000800d450        0x0
                0x000000000800d450                PROVIDE (__preinit_array_start = .)
 *(.preinit_array*)
                0x000000000800d450                PROVIDE (__preinit_array_end = .)

.init_array     0x000000000800d450        0x8
                0x000000000800d450                PROVIDE (__init_array_start = .)
 *(SORT_BY_NAME(.init_array.*))
 .init_array.00000
                0x000000000800d450        0x4 /opt/homebrew/Caskroom/gcc-arm-embedded/10-2020-q4-major/gcc-arm-none-eabi-10-2020-q4-major/bin/../lib/gcc/arm-none-eabi/10.2.1/../../../../arm-none-eabi/lib/thumb/v7e-m/nofp/libg.a(lib_a-__call_atexit.o)
 *(.init_array*)
 .init_array    0x000000000800d454        0x4 /opt/homebrew/Caskroom/gcc-arm-embedded/10-2020-q4-major/gcc-arm-none-eabi-10-2020-q4-major/bin/../lib/gcc/arm-none-eabi/10.2.1/thumb/v7e-m/nofp/crtbegin.o
                0x000000000800d458                PROVIDE (__init_array_end = .)

.fini_array     0x000000000800d458        0x4
                0x000000000800d458                PROVIDE (__fini_array_start = .)
 *(SORT_BY_NAME(.fini_array.*))
 *(.fini_array*)
 .fini_array    0x000000000800d458        0x4 /opt/homebrew/Caskroom/gcc-arm-embedded/10-2020-q4-major/gcc-arm-none-eabi-10-2020-q4-major/bin/../lib/gcc/arm-none-eabi/10.2.1/thumb/v7e-m/nofp/crtbegin.o
                0x000000000800d45c                PROVIDE (__fini_array_end = .)
                0x000000000800d45c                _sidata = LOADADDR (.data)

.data           0x0000000020000000      0x9c0 load address 0x000000000800d45c
                0x0000000020000000                . = ALIGN (0x4)
                0x0000000020000000                _sdata = .
 *(.data)
 *(.data*)
 .data.key_up.0
                0x0000000020000000        0x1 CMakeFiles/DHT11.elf.dir/Core/Src/kEY.c.obj
 *fill*         0x0000000020000001        0x3 
 .data.SystemCoreClock
                0x0000000020000004        0x4 CMakeFiles/DHT11.elf.dir/Core/Src/system_stm32f4xx.c.obj
                0x0000000020000004                SystemCoreClock
 .data.uwTickFreq
                0x0000000020000008        0x1 CMakeFiles/DHT11.elf.dir/Drivers/STM32F4xx_HAL_Driver/Src/stm32f4xx_hal.c.obj
                0x0000000020000008                uwTickFreq
 *fill*         0x0000000020000009        0x3 
 .data.uwTickPrio
                0x000000002000000c        0x4 CMakeFiles/DHT11.elf.dir/Drivers/STM32F4xx_HAL_Driver/Src/stm32f4xx_hal.c.obj
                0x000000002000000c                uwTickPrio
 .data._impure_ptr
                0x0000000020000010        0x4 /opt/homebrew/Caskroom/gcc-arm-embedded/10-2020-q4-major/gcc-arm-none-eabi-10-2020-q4-major/bin/../lib/gcc/arm-none-eabi/10.2.1/../../../../arm-none-eabi/lib/thumb/v7e-m/nofp/libg.a(lib_a-impure.o)
                0x0000000020000010                _impure_ptr
 *fill*         0x0000000020000014        0x4 
 .data.impure_data
                0x0000000020000018      0x428 /opt/homebrew/Caskroom/gcc-arm-embedded/10-2020-q4-major/gcc-arm-none-eabi-10-2020-q4-major/bin/../lib/gcc/arm-none-eabi/10.2.1/../../../../arm-none-eabi/lib/thumb/v7e-m/nofp/libg.a(lib_a-impure.o)
 .data.__atexit_recursive_mutex
                0x0000000020000440        0x4 /opt/homebrew/Caskroom/gcc-arm-embedded/10-2020-q4-major/gcc-arm-none-eabi-10-2020-q4-major/bin/../lib/gcc/arm-none-eabi/10.2.1/../../../../arm-none-eabi/lib/thumb/v7e-m/nofp/libg.a(lib_a-__call_atexit.o)
                0x0000000020000440                __atexit_recursive_mutex
 .data.__malloc_av_
                0x0000000020000444      0x408 /opt/homebrew/Caskroom/gcc-arm-embedded/10-2020-q4-major/gcc-arm-none-eabi-10-2020-q4-major/bin/../lib/gcc/arm-none-eabi/10.2.1/../../../../arm-none-eabi/lib/thumb/v7e-m/nofp/libg.a(lib_a-mallocr.o)
                0x0000000020000444                __malloc_av_
 .data.__malloc_sbrk_base
                0x000000002000084c        0x4 /opt/homebrew/Caskroom/gcc-arm-embedded/10-2020-q4-major/gcc-arm-none-eabi-10-2020-q4-major/bin/../lib/gcc/arm-none-eabi/10.2.1/../../../../arm-none-eabi/lib/thumb/v7e-m/nofp/libg.a(lib_a-mallocr.o)
                0x000000002000084c                __malloc_sbrk_base
 .data.__malloc_trim_threshold
                0x0000000020000850        0x4 /opt/homebrew/Caskroom/gcc-arm-embedded/10-2020-q4-major/gcc-arm-none-eabi-10-2020-q4-major/bin/../lib/gcc/arm-none-eabi/10.2.1/../../../../arm-none-eabi/lib/thumb/v7e-m/nofp/libg.a(lib_a-mallocr.o)
                0x0000000020000850                __malloc_trim_threshold
 .data.__global_locale
                0x0000000020000854      0x16c /opt/homebrew/Caskroom/gcc-arm-embedded/10-2020-q4-major/gcc-arm-none-eabi-10-2020-q4-major/bin/../lib/gcc/arm-none-eabi/10.2.1/../../../../arm-none-eabi/lib/thumb/v7e-m/nofp/libg.a(lib_a-locale.o)
                0x0000000020000854                __global_locale
                0x00000000200009c0                . = ALIGN (0x4)
                0x00000000200009c0                _edata = .

.igot.plt       0x00000000200009c0        0x0 load address 0x000000000800de1c
 .igot.plt      0x00000000200009c0        0x0 /opt/homebrew/Caskroom/gcc-arm-embedded/10-2020-q4-major/gcc-arm-none-eabi-10-2020-q4-major/bin/../lib/gcc/arm-none-eabi/10.2.1/thumb/v7e-m/nofp/crtbegin.o
                0x00000000200009c0                . = ALIGN (0x4)

.bss            0x00000000200009c0      0xa88 load address 0x000000000800de1c
                0x00000000200009c0                _sbss = .
                0x00000000200009c0                __bss_start__ = _sbss
 *(.bss)
 .bss           0x00000000200009c0       0x1c /opt/homebrew/Caskroom/gcc-arm-embedded/10-2020-q4-major/gcc-arm-none-eabi-10-2020-q4-major/bin/../lib/gcc/arm-none-eabi/10.2.1/thumb/v7e-m/nofp/crtbegin.o
 *(.bss*)
 .bss.buf       0x00000000200009dc        0x5 CMakeFiles/DHT11.elf.dir/Core/Src/DHT11.c.obj
                0x00000000200009dc                buf
 .bss.humi      0x00000000200009e1        0x1 CMakeFiles/DHT11.elf.dir/Core/Src/DHT11.c.obj
                0x00000000200009e1                humi
 .bss.temp      0x00000000200009e2        0x1 CMakeFiles/DHT11.elf.dir/Core/Src/DHT11.c.obj
                0x00000000200009e2                temp
 *fill*         0x00000000200009e3        0x1 
 .bss.ADC_ConvertedValue
                0x00000000200009e4        0x4 CMakeFiles/DHT11.elf.dir/Core/Src/main.c.obj
                0x00000000200009e4                ADC_ConvertedValue
 .bss.ADC_Vol   0x00000000200009e8        0x4 CMakeFiles/DHT11.elf.dir/Core/Src/main.c.obj
                0x00000000200009e8                ADC_Vol
 .bss.ADC_all   0x00000000200009ec        0x4 CMakeFiles/DHT11.elf.dir/Core/Src/main.c.obj
                0x00000000200009ec                ADC_all
 .bss.ADC_count
                0x00000000200009f0        0x4 CMakeFiles/DHT11.elf.dir/Core/Src/main.c.obj
                0x00000000200009f0                ADC_count
 .bss.END_STA   0x00000000200009f4        0x1 CMakeFiles/DHT11.elf.dir/Core/Src/main.c.obj
                0x00000000200009f4                END_STA
 *fill*         0x00000000200009f5        0x3 
 .bss.RTC_DateStruct
                0x00000000200009f8        0x4 CMakeFiles/DHT11.elf.dir/Core/Src/main.c.obj
                0x00000000200009f8                RTC_DateStruct
 .bss.RTC_TimeStruct
                0x00000000200009fc       0x14 CMakeFiles/DHT11.elf.dir/Core/Src/main.c.obj
                0x00000000200009fc                RTC_TimeStruct
 .bss.TempChar  0x0000000020000a10        0x1 CMakeFiles/DHT11.elf.dir/Core/Src/main.c.obj
                0x0000000020000a10                TempChar
 *fill*         0x0000000020000a11        0x3 
 .bss.USART1MESSAGE
                0x0000000020000a14      0x3e8 CMakeFiles/DHT11.elf.dir/Core/Src/main.c.obj
                0x0000000020000a14                USART1MESSAGE
 .bss.USART_COUNTER
                0x0000000020000dfc        0x4 CMakeFiles/DHT11.elf.dir/Core/Src/main.c.obj
                0x0000000020000dfc                USART_COUNTER
 .bss.Usart_ReceiveBuffer
                0x0000000020000e00      0x3e8 CMakeFiles/DHT11.elf.dir/Core/Src/main.c.obj
                0x0000000020000e00                Usart_ReceiveBuffer
 .bss.alarm_humidity
                0x00000000200011e8        0x4 CMakeFiles/DHT11.elf.dir/Core/Src/main.c.obj
                0x00000000200011e8                alarm_humidity
 .bss.alarm_temperature
                0x00000000200011ec        0x4 CMakeFiles/DHT11.elf.dir/Core/Src/main.c.obj
                0x00000000200011ec                alarm_temperature
 .bss.hadc1     0x00000000200011f0       0x48 CMakeFiles/DHT11.elf.dir/Core/Src/main.c.obj
                0x00000000200011f0                hadc1
 .bss.hdma_adc1
                0x0000000020001238       0x60 CMakeFiles/DHT11.elf.dir/Core/Src/main.c.obj
                0x0000000020001238                hdma_adc1
 .bss.hrtc      0x0000000020001298       0x20 CMakeFiles/DHT11.elf.dir/Core/Src/main.c.obj
                0x0000000020001298                hrtc